SQL> select chr(65) from emp;

CH                                                                                                                                                                                                      
--                                                                                                                                                                                                      
A                                                                                                                                                                                                       
A                                                                                                                                                                                                       
A                                                                                                                                                                                                       
A                                                                                                                                                                                                       
A                                                                                                                                                                                                       
A                                                                                                                                                                                                       
A                                                                                                                                                                                                       
A                                                                                                                                                                                                       
A                                                                                                                                                                                                       
A                                                                                                                                                                                                       
A                                                                                                                                                                                                       
A                                                                                                                                                                                                       

12 개의 행이 선택되었습니다.

SQL> select chr(65) from dual
  2  ;

CH                                                                                                                                                                                                      
--                                                                                                                                                                                                      
A                                                                                                                                                                                                       

SQL> select concat(enname,'이름')
  2  ;

*
2행에 오류:
ORA-00923: FROM 키워드가 필요한 위치에 없습니다. 


SQL> select concat(ename,'님')name from emp;

NAME                                                                                                                                                                                                    
--------------------------                                                                                                                                                                              
SMITH님                                                                                                                                                                                                 
ALLEN님                                                                                                                                                                                                 
WARD님                                                                                                                                                                                                  
JONES님                                                                                                                                                                                                 
MARTIN님                                                                                                                                                                                                
BLAKE님                                                                                                                                                                                                 
CLARK님                                                                                                                                                                                                 
KING님                                                                                                                                                                                                  
TURNER님                                                                                                                                                                                                
JAMES님                                                                                                                                                                                                 
FORD님                                                                                                                                                                                                  
MILLER님                                                                                                                                                                                                

12 개의 행이 선택되었습니다.

SQL> select * from emp
  2  ;

     EMPNO ENAME      JOB               MGR HIREDATE        SAL       COMM     DEPTNO                                                                                                                   
---------- ---------- ---------- ---------- -------- ---------- ---------- ----------                                                                                                                   
      7369 SMITH      CLERK            7902 80/12/17        800                    20                                                                                                                   
      7499 ALLEN      SALESMAN         7698 81/02/20       1600        300         30                                                                                                                   
      7521 WARD       SALESMAN         7698 81/02/22       1250        500         30                                                                                                                   
      7566 JONES      MANAGER          7839 81/04/02       2975                    20                                                                                                                   
      7654 MARTIN     SALESMAN         7698 81/09/28       1250       1400         30                                                                                                                   
      7698 BLAKE      MANAGER          7839 81/05/01       2850                    30                                                                                                                   
      7782 CLARK      MANAGER          7839 81/06/09       2450                    10                                                                                                                   
      7839 KING       PRESIDENT             81/11/17       5000                    10                                                                                                                   
      7844 TURNER     SALESMAN         7698 81/09/08       1500          0         30                                                                                                                   
      7900 JAMES      CLERK            7698 81/12/03        950                    30                                                                                                                   
      7902 FORD       ANALYST          7566 81/12/03       3000                    20                                                                                                                   
      7934 MILLER     CLERK            7782 82/01/23       1300                    10                                                                                                                   

12 개의 행이 선택되었습니다.

SQL> initcap('hello world.') from dual
SP2-0734: "initcap('h..."(으)로 시작되는 알 수 없는 명령 - 나머지 줄은 무시되었습니다.
SQL> initcap('hello world') from dual
SP2-0734: "initcap('h..."(으)로 시작되는 알 수 없는 명령 - 나머지 줄은 무시되었습니다.
SQL> select initcap('hello world') from dual
  2  ;

INITCAP('HELLOWORLD')                                                                                                                                                                                   
----------------------                                                                                                                                                                                  
Hello World                                                                                                                                                                                             

SQL> select lower('HELLO') from dual
  2  ;

LOWER('HEL                                                                                                                                                                                              
----------                                                                                                                                                                                              
hello                                                                                                                                                                                                   

SQL> selec lpad('hi',10,'*') from dual
SP2-0734: "selec lpad..."(으)로 시작되는 알 수 없는 명령 - 나머지 줄은 무시되었습니다.
SQL> select lpad('hi', 10, '*')) from dual
  2  ;
select lpad('hi', 10, '*')) from dual
                          *
1행에 오류:
ORA-00923: FROM 키워드가 필요한 위치에 없습니다. 


SQL> selectlpad('hi', 10, '*')from dual;
SP2-0734: "selectlpad..."(으)로 시작되는 알 수 없는 명령 - 나머지 줄은 무시되었습니다.
SQL> select lpad('hi', 10, '*')from dual;

LPAD('HI',10,'*')                                                                                                                                                                                       
--------------------                                                                                                                                                                                    
********hi                                                                                                                                                                                              

SQL> select ltrim('asdf', 'a') from dual
  2  ;

LTRIM(                                                                                                                                                                                                  
------                                                                                                                                                                                                  
sdf                                                                                                                                                                                                     

SQL> select replace('hello mimi', 'mimi', 'world') from dual
  2  ;

REPLACE('HELLOMIMI','M                                                                                                                                                                                  
----------------------                                                                                                                                                                                  
hello world                                                                                                                                                                                             

SQL> select subster(asdfzxcv',2,5) from dual;
ERROR:
ORA-01756: 단일 인용부를 지정해 주십시오 


SQL> select subster('asdfzxcv',2,5) from dual;
select subster('asdfzxcv',2,5) from dual
       *
1행에 오류:
ORA-00904: "SUBSTER": 부적합한 식별자 


SQL> select substr('asdfzxcv',2,5) from dual;

SUBSTR('AS                                                                                                                                                                                              
----------                                                                                                                                                                                              
sdfzx                                                                                                                                                                                                   

SQL> select ename from emp
  2  where substr(ename,2,1)='a';

선택된 레코드가 없습니다.

SQL> select ename
  2  from emp
  3  where substr(ename,2,1)='a';

선택된 레코드가 없습니다.

SQL> select ascii('a') from dual
  2  ;

ASCII('A')                                                                                                                                                                                              
----------                                                                                                                                                                                              
        97                                                                                                                                                                                              

SQL> select length('abcde')from dual;

LENGTH('ABCDE')                                                                                                                                                                                         
---------------                                                                                                                                                                                         
              5                                                                                                                                                                                         

SQL> select empno,ename
  2  from emp
  3  where length(ename)>=5;

     EMPNO ENAME                                                                                                                                                                                        
---------- ----------                                                                                                                                                                                   
      7369 SMITH                                                                                                                                                                                        
      7499 ALLEN                                                                                                                                                                                        
      7566 JONES                                                                                                                                                                                        
      7654 MARTIN                                                                                                                                                                                       
      7698 BLAKE                                                                                                                                                                                        
      7782 CLARK                                                                                                                                                                                        
      7844 TURNER                                                                                                                                                                                       
      7900 JAMES                                                                                                                                                                                        
      7934 MILLER                                                                                                                                                                                       

9 개의 행이 선택되었습니다.

SQL> select least('ab', 'abc','d')from dual;

LEAS                                                                                                                                                                                                    
----                                                                                                                                                                                                    
ab                                                                                                                                                                                                      

SQL> selelt ename,nvl(comm,0)from emp;
SP2-0734: "selelt ena..."(으)로 시작되는 알 수 없는 명령 - 나머지 줄은 무시되었습니다.
SQL> select ename,nvl(comm,0)from emp;

ENAME      NVL(COMM,0)                                                                                                                                                                                  
---------- -----------                                                                                                                                                                                  
SMITH                0                                                                                                                                                                                  
ALLEN              300                                                                                                                                                                                  
WARD               500                                                                                                                                                                                  
JONES                0                                                                                                                                                                                  
MARTIN            1400                                                                                                                                                                                  
BLAKE                0                                                                                                                                                                                  
CLARK                0                                                                                                                                                                                  
KING                 0                                                                                                                                                                                  
TURNER               0                                                                                                                                                                                  
JAMES                0                                                                                                                                                                                  
FORD                 0                                                                                                                                                                                  
MILLER               0                                                                                                                                                                                  

12 개의 행이 선택되었습니다.

SQL> select ename
  2  from emp
  3  where substr(ename,2,1)='m';

선택된 레코드가 없습니다.

SQL> select ename
  2  from emp
  3  where substr(ename,2,1)='A';

ENAME                                                                                                                                                                                                   
----------                                                                                                                                                                                              
WARD                                                                                                                                                                                                    
MARTIN                                                                                                                                                                                                  
JAMES                                                                                                                                                                                                   

SQL> select ename, comm
  2  from emp
  3  where length(comm)>=1;

ENAME            COMM                                                                                                                                                                                   
---------- ----------                                                                                                                                                                                   
ALLEN             300                                                                                                                                                                                   
WARD              500                                                                                                                                                                                   
MARTIN           1400                                                                                                                                                                                   
TURNER              0                                                                                                                                                                                   

SQL> select * from emp
  2  ;

     EMPNO ENAME      JOB               MGR HIREDATE        SAL       COMM     DEPTNO                                                                                                                   
---------- ---------- ---------- ---------- -------- ---------- ---------- ----------                                                                                                                   
      7369 SMITH      CLERK            7902 80/12/17        800                    20                                                                                                                   
      7499 ALLEN      SALESMAN         7698 81/02/20       1600        300         30                                                                                                                   
      7521 WARD       SALESMAN         7698 81/02/22       1250        500         30                                                                                                                   
      7566 JONES      MANAGER          7839 81/04/02       2975                    20                                                                                                                   
      7654 MARTIN     SALESMAN         7698 81/09/28       1250       1400         30                                                                                                                   
      7698 BLAKE      MANAGER          7839 81/05/01       2850                    30                                                                                                                   
      7782 CLARK      MANAGER          7839 81/06/09       2450                    10                                                                                                                   
      7839 KING       PRESIDENT             81/11/17       5000                    10                                                                                                                   
      7844 TURNER     SALESMAN         7698 81/09/08       1500          0         30                                                                                                                   
      7900 JAMES      CLERK            7698 81/12/03        950                    30                                                                                                                   
      7902 FORD       ANALYST          7566 81/12/03       3000                    20                                                                                                                   
      7934 MILLER     CLERK            7782 82/01/23       1300                    10                                                                                                                   

12 개의 행이 선택되었습니다.

SQL> select ename, job, comm
  2  from emp
  3  where substr(comm,1,1)<=0;

ENAME      JOB              COMM                                                                                                                                                                        
---------- ---------- ----------                                                                                                                                                                        
TURNER     SALESMAN            0                                                                                                                                                                        

SQL> select ename, job, comm
  2  from emp
  3  where substr(comm,1,1) <=0;

ENAME      JOB              COMM                                                                                                                                                                        
---------- ---------- ----------                                                                                                                                                                        
TURNER     SALESMAN            0                                                                                                                                                                        

SQL> select ename, job, comm
  2  from emp
  3  where substr(comm,1,1) <0;

선택된 레코드가 없습니다.

SQL> select ename, job, comm
  2  from emp
  3  where length(comm,2)>0;
where length(comm,2)>0
      *
3행에 오류:
ORA-00909: 인수의 개수가 부적합합니다 


SQL> select eename, job, comm
  2  from emp
  3  where substr(comm,1,1)<0;
select eename, job, comm
       *
1행에 오류:
ORA-00904: "EENAME": 부적합한 식별자 


SQL> select ename, job, comm
  2  from emp
  3   where substy(comm,1,1) <0;
 where substy(comm,1,1) <0
       *
3행에 오류:
ORA-00904: "SUBSTY": 부적합한 식별자 


SQL> select ename, job, comm
  2  from emp
  3   where substr(comm,1,1) <0;

선택된 레코드가 없습니다.

SQL> select ename, job, comm
  2  from emp
  3  where length(comm)<1;

선택된 레코드가 없습니다.

SQL> select ename, job, comm
  2  from emp
  3  where length(comm) >1;

ENAME      JOB              COMM                                                                                                                                                                        
---------- ---------- ----------                                                                                                                                                                        
ALLEN      SALESMAN          300                                                                                                                                                                        
WARD       SALESMAN          500                                                                                                                                                                        
MARTIN     SALESMAN         1400                                                                                                                                                                        

SQL> select conncat(ename,'씨')name from emp;
select conncat(ename,'씨')name from emp
       *
1행에 오류:
ORA-00904: "CONNCAT": 부적합한 식별자 


SQL> concat(ename,'씨')name from emp
SP2-0734: "concat(ena..."(으)로 시작되는 알 수 없는 명령 - 나머지 줄은 무시되었습니다.
SQL> select lpad('dubu',50,'*')from dual;

LPAD('DUBU',50,'*')                                                                                                                                                                                     
----------------------------------------------------------------------------------------------------                                                                                                    
**********************************************dubu                                                                                                                                                      

SQL> select nvl('a', 'it is empty') from dual;

NV                                                                                                                                                                                                      
--                                                                                                                                                                                                      
a                                                                                                                                                                                                       

SQL> select nvl('null', 'it is empty') from dual;

NVL('NUL                                                                                                                                                                                                
--------                                                                                                                                                                                                
null                                                                                                                                                                                                    

SQL> slelect ename, comm from emp;
SP2-0734: "slelect en..."(으)로 시작되는 알 수 없는 명령 - 나머지 줄은 무시되었습니다.
SQL> select ename, comm from emp;

ENAME            COMM                                                                                                                                                                                   
---------- ----------                                                                                                                                                                                   
SMITH                                                                                                                                                                                                   
ALLEN             300                                                                                                                                                                                   
WARD              500                                                                                                                                                                                   
JONES                                                                                                                                                                                                   
MARTIN           1400                                                                                                                                                                                   
BLAKE                                                                                                                                                                                                   
CLARK                                                                                                                                                                                                   
KING                                                                                                                                                                                                    
TURNER              0                                                                                                                                                                                   
JAMES                                                                                                                                                                                                   
FORD                                                                                                                                                                                                    
MILLER                                                                                                                                                                                                  

12 개의 행이 선택되었습니다.

SQL> select ename, nvl(comm,0) from emp;

ENAME      NVL(COMM,0)                                                                                                                                                                                  
---------- -----------                                                                                                                                                                                  
SMITH                0                                                                                                                                                                                  
ALLEN              300                                                                                                                                                                                  
WARD               500                                                                                                                                                                                  
JONES                0                                                                                                                                                                                  
MARTIN            1400                                                                                                                                                                                  
BLAKE                0                                                                                                                                                                                  
CLARK                0                                                                                                                                                                                  
KING                 0                                                                                                                                                                                  
TURNER               0                                                                                                                                                                                  
JAMES                0                                                                                                                                                                                  
FORD                 0                                                                                                                                                                                  
MILLER               0                                                                                                                                                                                  

12 개의 행이 선택되었습니다.

SQL> select ename, nvl(comm,0)as comm from emp;

ENAME            COMM                                                                                                                                                                                   
---------- ----------                                                                                                                                                                                   
SMITH               0                                                                                                                                                                                   
ALLEN             300                                                                                                                                                                                   
WARD              500                                                                                                                                                                                   
JONES               0                                                                                                                                                                                   
MARTIN           1400                                                                                                                                                                                   
BLAKE               0                                                                                                                                                                                   
CLARK               0                                                                                                                                                                                   
KING                0                                                                                                                                                                                   
TURNER              0                                                                                                                                                                                   
JAMES               0                                                                                                                                                                                   
FORD                0                                                                                                                                                                                   
MILLER              0                                                                                                                                                                                   

12 개의 행이 선택되었습니다.

SQL> select ename, nvl(comm,0) comm from emp;

ENAME            COMM                                                                                                                                                                                   
---------- ----------                                                                                                                                                                                   
SMITH               0                                                                                                                                                                                   
ALLEN             300                                                                                                                                                                                   
WARD              500                                                                                                                                                                                   
JONES               0                                                                                                                                                                                   
MARTIN           1400                                                                                                                                                                                   
BLAKE               0                                                                                                                                                                                   
CLARK               0                                                                                                                                                                                   
KING                0                                                                                                                                                                                   
TURNER              0                                                                                                                                                                                   
JAMES               0                                                                                                                                                                                   
FORD                0                                                                                                                                                                                   
MILLER              0                                                                                                                                                                                   

12 개의 행이 선택되었습니다.

SQL> select abs(-10) from dual
  2  ;

  ABS(-10)                                                                                                                                                                                              
----------                                                                                                                                                                                              
        10                                                                                                                                                                                              

SQL> select abs(-10)절대값 from dual
  2  ;

    절대값                                                                                                                                                                                              
----------                                                                                                                                                                                              
        10                                                                                                                                                                                              

SQL> selece ceil(3.1234) from dual;
SP2-0734: "selece cei..."(으)로 시작되는 알 수 없는 명령 - 나머지 줄은 무시되었습니다.
SQL> select ceil(3.1234) from dual;

CEIL(3.1234)                                                                                                                                                                                            
------------                                                                                                                                                                                            
           4                                                                                                                                                                                            

SQL> select ceil(5.99999) from dual;

CEIL(5.99999)                                                                                                                                                                                           
-------------                                                                                                                                                                                           
            6                                                                                                                                                                                           

SQL> select floor(3.1231231210) from dual
  2  ;

FLOOR(3.1231231210)                                                                                                                                                                                     
-------------------                                                                                                                                                                                     
                  3                                                                                                                                                                                     

SQL> select floor(34343434) from dual;

FLOOR(34343434)                                                                                                                                                                                         
---------------                                                                                                                                                                                         
       34343434                                                                                                                                                                                         

SQL> select round(3.22645,2) from dual;

ROUND(3.22645,2)                                                                                                                                                                                        
----------------                                                                                                                                                                                        
            3.23                                                                                                                                                                                        

SQL> select round(5.23123123,3) from dual
  2  ;

ROUND(5.23123123,3)                                                                                                                                                                                     
-------------------                                                                                                                                                                                     
              5.231                                                                                                                                                                                     

SQL> select mod(10,3) from dual;

 MOD(10,3)                                                                                                                                                                                              
----------                                                                                                                                                                                              
         1                                                                                                                                                                                              

SQL> select trung(12.123123124151,2) from dual;
select trung(12.123123124151,2) from dual
       *
1행에 오류:
ORA-00904: "TRUNG": 부적합한 식별자 


SQL> select trunc(12.123123123123123,2)fron dual;
select trunc(12.123123123123123,2)fron dual
                                       *
1행에 오류:
ORA-00923: FROM 키워드가 필요한 위치에 없습니다. 


SQL> select trunc(12.123123123123123,2) from dual;

TRUNC(12.123123123123123,2)                                                                                                                                                                             
---------------------------                                                                                                                                                                             
                      12.12                                                                                                                                                                             

SQL> select trunc(34.1234) from dual
  2  ;

TRUNC(34.1234)                                                                                                                                                                                          
--------------                                                                                                                                                                                          
            34                                                                                                                                                                                          

SQL> sysdatte
SP2-0042: 알 수 없는 명령어 "sysdatte" - 나머지 줄 무시.
SQL> sysdate
SP2-0042: 알 수 없는 명령어 "sysdate" - 나머지 줄 무시.
SQL> sysdate fron dual
SP2-0734: "sysdate fr..."(으)로 시작되는 알 수 없는 명령 - 나머지 줄은 무시되었습니다.
SQL> select sysdate from dual;

SYSDATE                                                                                                                                                                                                 
--------                                                                                                                                                                                                
22/07/14                                                                                                                                                                                                

SQL> select add_months(sysdate,10) from dual;

ADD_MONT                                                                                                                                                                                                
--------                                                                                                                                                                                                
23/05/14                                                                                                                                                                                                

SQL> select add_months(sysdate,50 from dual;
select add_months(sysdate,50 from dual
                             *
1행에 오류:
ORA-00907: 누락된 우괄호 


SQL> select add_months(sysdate,50) from dual;

ADD_MONT                                                                                                                                                                                                
--------                                                                                                                                                                                                
26/09/14                                                                                                                                                                                                

SQL> select last_-day(sysdate)from dual
  2  ;
select last_-day(sysdate)from dual
             *
1행에 오류:
ORA-00904: "DAY": 부적합한 식별자 


SQL> select last_dau(sysdate)from dual;
select last_dau(sysdate)from dual
       *
1행에 오류:
ORA-00904: "LAST_DAU": 부적합한 식별자 


SQL> select last_day(sysdate)from dual;

LAST_DAY                                                                                                                                                                                                
--------                                                                                                                                                                                                
22/07/31                                                                                                                                                                                                

SQL> seect last_day(sysdate)from dual;
SP2-0734: "seect last..."(으)로 시작되는 알 수 없는 명령 - 나머지 줄은 무시되었습니다.
SQL> select empnno, months_betweenn(sysdatem hireedate) 100 from emp;
select empnno, months_betweenn(sysdatem hireedate) 100 from emp
                                        *
1행에 오류:
ORA-00907: 누락된 우괄호 


SQL> select empno,months_between(sysdate, hiredate) 100 from emp;
select empno,months_between(sysdate, hiredate) 100 from emp
                                               *
1행에 오류:
ORA-00923: FROM 키워드가 필요한 위치에 없습니다. 


SQL> select empno, months_between( sysdate, hiredate)근무개월 from emp;

     EMPNO   근무개월                                                                                                                                                                                   
---------- ----------                                                                                                                                                                                   
      7369 498.918061                                                                                                                                                                                   
      7499 496.821287                                                                                                                                                                                   
      7521 496.756771                                                                                                                                                                                   
      7566 495.401932                                                                                                                                                                                   
      7654 489.563222                                                                                                                                                                                   
      7698  494.43419                                                                                                                                                                                   
      7782 493.176126                                                                                                                                                                                   
      7839 487.918061                                                                                                                                                                                   
      7844 490.208384                                                                                                                                                                                   
      7900 487.369674                                                                                                                                                                                   
      7902 487.369674                                                                                                                                                                                   
      7934 485.724513                                                                                                                                                                                   

12 개의 행이 선택되었습니다.

SQL> select empno,round( months_between( sysdate, hiredate))근무개월 from emp;

     EMPNO   근무개월                                                                                                                                                                                   
---------- ----------                                                                                                                                                                                   
      7369        499                                                                                                                                                                                   
      7499        497                                                                                                                                                                                   
      7521        497                                                                                                                                                                                   
      7566        495                                                                                                                                                                                   
      7654        490                                                                                                                                                                                   
      7698        494                                                                                                                                                                                   
      7782        493                                                                                                                                                                                   
      7839        488                                                                                                                                                                                   
      7844        490                                                                                                                                                                                   
      7900        487                                                                                                                                                                                   
      7902        487                                                                                                                                                                                   
      7934        486                                                                                                                                                                                   

12 개의 행이 선택되었습니다.

SQL> select empno,round( months_between( sysdate, hiredate|| 개월))근무개월 from emp;
select empno,round( months_between( sysdate, hiredate|| 개월))근무개월 from emp
                                                        *
1행에 오류:
ORA-00904: "개월": 부적합한 식별자 


SQL> select empno,round( months_between( sysdate, hiredate))||개월  as 근무개월 from emp;
select empno,round( months_between( sysdate, hiredate))||개월  as 근무개월 from emp
                                                         *
1행에 오류:
ORA-00904: "개월": 부적합한 식별자 


SQL> select empno,round( months_between( sysdate, hiredate))||'개월'  as 근무개월 from emp;

     EMPNO 근무개월                                                                                                                                                                                     
---------- --------------------------------------------------------------------------------------------                                                                                                 
      7369 499개월                                                                                                                                                                                      
      7499 497개월                                                                                                                                                                                      
      7521 497개월                                                                                                                                                                                      
      7566 495개월                                                                                                                                                                                      
      7654 490개월                                                                                                                                                                                      
      7698 494개월                                                                                                                                                                                      
      7782 493개월                                                                                                                                                                                      
      7839 488개월                                                                                                                                                                                      
      7844 490개월                                                                                                                                                                                      
      7900 487개월                                                                                                                                                                                      
      7902 487개월                                                                                                                                                                                      
      7934 486개월                                                                                                                                                                                      

12 개의 행이 선택되었습니다.

SQL> select to_char(sysdate, 'yyyy-mm-dd') from dual;

TO_CHAR(SYSDATE,'YYY                                                                                                                                                                                    
--------------------                                                                                                                                                                                    
2022-07-14                                                                                                                                                                                              

SQL> select sysdate from dual
  2  ;

SYSDATE                                                                                                                                                                                                 
--------                                                                                                                                                                                                
22/07/14                                                                                                                                                                                                

SQL> select sysdate from dual
  2  
SQL> 
SQL> select to-char(sysdate,'서기 yyyy년  mm월 dd일) from dual;
ERROR:
ORA-01756: 단일 인용부를 지정해 주십시오 


SQL> select to-char(sysdate,'서기|| yyyy년  mm월 dd일) from dual;
ERROR:
ORA-01756: 단일 인용부를 지정해 주십시오 


SQL> select to-char(sysdate,' yyyy년  mm월 dd일') from dual;
select to-char(sysdate,' yyyy년  mm월 dd일') from dual
       *
1행에 오류:
ORA-00936: 누락된 표현식 


SQL> select to-char(sysdate,' yyyy년  mm월 dd일') from dual;select to_ch
  2  
SQL> select to-char(sysdate, 'd dy day') from dual;
select to-char(sysdate, 'd dy day') from dual
       *
1행에 오류:
ORA-00936: 누락된 표현식 


SQL> select to-char(sysdate, 'd dy day') from dual;
select to-char(sysdate, 'd dy day') from dual
       *
1행에 오류:
ORA-00936: 누락된 표현식 


SQL> select to_char(sysdate, 'd dy day') from dual;

TO_CHAR(SYSDATE,'DDYDAY')                                                                                                                                                                               
--------------------------------------                                                                                                                                                                  
5 목 목요일                                                                                                                                                                                             

SQL> select to_char(sysdate, 'yyyy년 mm월 dd일') from dual;
select to_char(sysdate, 'yyyy년 mm월 dd일') from dual
                        *
1행에 오류:
ORA-01821: 날짜 형식이 부적합합니다 


SQL> .....
SP2-0042: 알 수 없는 명령어 "....." - 나머지 줄 무시.
SQL>  ㅛㄳ셔ㅛ셔ㅛㅅ
SP2-0734: "ㅛㄳ셔ㅛ셔..."(으)로 시작되는 알 수 없는 명령 - 나머지 줄은 무시되었습니다.
SQL> 
SQL> tyutyutyutyutyyuytuutyu
SP2-0734: "tyutyutyut..."(으)로 시작되는 알 수 없는 명령 - 나머지 줄은 무시되었습니다.
SQL> tyu
SP2-0042: 알 수 없는 명령어 "tyu" - 나머지 줄 무시.
SP2-0044: 명령어 목록을 보려면 HELP를
빠져나가려면 EXIT를 입력하시오.
SQL> tyu
SP2-0042: 알 수 없는 명령어 "tyu" - 나머지 줄 무시.
SQL> tyu
SP2-0042: 알 수 없는 명령어 "tyu" - 나머지 줄 무시.
SQL> tuytuytuytrtyu
SP2-0734: "tuytuytuyt..."(으)로 시작되는 알 수 없는 명령 - 나머지 줄은 무시되었습니다.
SQL> select to_char(stsdate, 'yyyy.mm.dd dy hh24:mi:ss') from dual;
select to_char(stsdate, 'yyyy.mm.dd dy hh24:mi:ss') from dual
               *
1행에 오류:
ORA-00904: "STSDATE": 부적합한 식별자 


SQL> select to_char(sysdate, 'yyyy.mm.dd dy hh24:mi:ss') from dual;

TO_CHAR(SYSDATE,'YYYY.MM.DDDYHH24:MI:SS')                                                                                                                                                               
------------------------------------------------                                                                                                                                                        
2022.07.14 목 11:17:01                                                                                                                                                                                  

SQL> select to_char(sysdate, 'yyyy.mm.dd dy hh24:mi:ss')시간 from dual;

시간                                                                                                                                                                                                    
------------------------------------------------                                                                                                                                                        
2022.07.14 목 11:17:12                                                                                                                                                                                  

SQL> select to_char(sysdate, 'yyyy.mm.dd dy hh24:mi:ss')작성일 from dual;

작성일                                                                                                                                                                                                  
------------------------------------------------                                                                                                                                                        
2022.07.14 목 11:17:21                                                                                                                                                                                  

SQL> select to_char(sysdate, 'yyyy.mm.dd dy am:mi:ss')작성일 from dual;

작성일                                                                                                                                                                                                  
--------------------------------------------------------                                                                                                                                                
2022.07.14 목 오전:17:38                                                                                                                                                                                

SQL> select to_char(sysdate, 'yyyy.mm.dd dy pm:mi:ss')작성일 from dual;

작성일                                                                                                                                                                                                  
--------------------------------------------------------                                                                                                                                                
2022.07.14 목 오전:17:44                                                                                                                                                                                

SQL> select to_char(sysdate, 'yyyy.mm.dd dy pm:mi:ss')작성일 from dual;

작성일                                                                                                                                                                                                  
--------------------------------------------------------                                                                                                                                                
2022.07.14 목 오전:18:25                                                                                                                                                                                

SQL> select to_char(sysdate, 'yyyy.mm.dd dy pm:mi:ss')작성일 from dual;

작성일                                                                                                                                                                                                  
--------------------------------------------------------                                                                                                                                                
2022.07.14 목 오전:18:26                                                                                                                                                                                

SQL> select to_char(sysdate, 'yyyy.mm.dd dy pm:mi:ss')작성일 from dual;

작성일                                                                                                                                                                                                  
--------------------------------------------------------                                                                                                                                                
2022.07.14 목 오전:18:26                                                                                                                                                                                

SQL> select to_char(sysdate, 'yyyy.mm.dd dy pm:mi:ss')작성일 from dual;

작성일                                                                                                                                                                                                  
--------------------------------------------------------                                                                                                                                                
2022.07.14 목 오전:18:27                                                                                                                                                                                

SQL> select to_char(sysdate, 'yyyy.mm.dd dy pm hh:mi:ss')작성일 from dual;

작성일                                                                                                                                                                                                  
--------------------------------------------------------------                                                                                                                                          
2022.07.14 목 오전 11:18:36                                                                                                                                                                             

SQL> create table messsgae;
create table messsgae
                    *
1행에 오류:
ORA-00906: 누락된 좌괄호 


SQL> create tablemesage(
  2  num number primary key,
  3  msg varchar2(20),
  4  regdate date);
create tablemesage(
       *
1행에 오류:
ORA-00901: CREATE 명령어가 부적합합니다 


SQL> create table message(
  2  num number primary key,
  3  msg varchar2(20),
  4  regdate date);

테이블이 생성되었습니다.

SQL> isert into message
SP2-0734: "isert into..."(으)로 시작되는 알 수 없는 명령 - 나머지 줄은 무시되었습니다.
SQL> insert iinto message
  2  (num, msg, regdate)
  3  values(1, 'HI', sysdate);
insert iinto message
       *
1행에 오류:
ORA-00925: INTO 키워드가 누락되었습니다. 


SQL> insert iinto message
  2  
SQL> insert into message
  2  (num, msg, regdate)
  3  values(1, 'HI', sysdate);

1 개의 행이 만들어졌습니다.

SQL> ed
file afiedt.buf(이)가 기록되었습니다

  1  insert into message
  2  (num, msg, regdate)
  3* values(1, 'HI', '2016/10/20')
SQL> ed
file afiedt.buf(이)가 기록되었습니다

  1  insert into message
  2  (num, msg, regdate)
  3* values(2, 'HI', '2016/10/20')
SQL> select * from message
  2  ;

       NUM MSG                                      REGDATE                                                                                                                                             
---------- ---------------------------------------- --------                                                                                                                                            
         1 HI                                       22/07/14                                                                                                                                            

SQL> ed
file afiedt.buf(이)가 기록되었습니다

  1* select * from message
  2  insert into message
  3  (num, mas, regdate)
  4  values(2, 'HI',"2016'10'20");
insert into message
*
2행에 오류:
ORA-00933: SQL 명령어가 올바르게 종료되지 않았습니다 


SQL> insert into meessage
  2  (num, msg, regdate)
  3  values(3, 'hello', '2016-11-11');
insert into meessage
            *
1행에 오류:
ORA-00942: 테이블 또는 뷰가 존재하지 않습니다 


SQL> insert into message
  2  (num, msg, regdate)
  3  values(3, 'hello', '2016-11-11');

1 개의 행이 만들어졌습니다.

SQL> insert into message
  2  (num, msg, regdate)
  3  values(4, 'bye','20200714');

1 개의 행이 만들어졌습니다.

SQL> select * from message;

       NUM MSG                                      REGDATE                                                                                                                                             
---------- ---------------------------------------- --------                                                                                                                                            
         1 HI                                       22/07/14                                                                                                                                            
         3 hello                                    16/11/11                                                                                                                                            
         4 bye                                      20/07/14                                                                                                                                            

SQL> select length(ename) from emp;

LENGTH(ENAME)                                                                                                                                                                                           
-------------                                                                                                                                                                                           
            5                                                                                                                                                                                           
            5                                                                                                                                                                                           
            4                                                                                                                                                                                           
            5                                                                                                                                                                                           
            6                                                                                                                                                                                           
            5                                                                                                                                                                                           
            5                                                                                                                                                                                           
            4                                                                                                                                                                                           
            6                                                                                                                                                                                           
            5                                                                                                                                                                                           
            4                                                                                                                                                                                           
            6                                                                                                                                                                                           

12 개의 행이 선택되었습니다.

SQL> select length(ename)이름길이 from emp;

  이름길이                                                                                                                                                                                              
----------                                                                                                                                                                                              
         5                                                                                                                                                                                              
         5                                                                                                                                                                                              
         4                                                                                                                                                                                              
         5                                                                                                                                                                                              
         6                                                                                                                                                                                              
         5                                                                                                                                                                                              
         5                                                                                                                                                                                              
         4                                                                                                                                                                                              
         6                                                                                                                                                                                              
         5                                                                                                                                                                                              
         4                                                                                                                                                                                              
         6                                                                                                                                                                                              

12 개의 행이 선택되었습니다.

SQL> select count(ename) from emp;

COUNT(ENAME)                                                                                                                                                                                            
------------                                                                                                                                                                                            
          12                                                                                                                                                                                            

SQL> select count(comm) from emp;

COUNT(COMM)                                                                                                                                                                                             
-----------                                                                                                                                                                                             
          4                                                                                                                                                                                             

SQL> select count(*) from emp;

  COUNT(*)                                                                                                                                                                                              
----------                                                                                                                                                                                              
        12                                                                                                                                                                                              

SQL> select sum(sal) from emp;

  SUM(SAL)                                                                                                                                                                                              
----------                                                                                                                                                                                              
     24925                                                                                                                                                                                              

SQL> select sum(empno) from emp;

SUM(EMPNO)                                                                                                                                                                                              
----------                                                                                                                                                                                              
     92508                                                                                                                                                                                              

SQL> select avg(sal) from emp;

  AVG(SAL)                                                                                                                                                                                              
----------                                                                                                                                                                                              
2077.08333                                                                                                                                                                                              

SQL> select avg(ceil(avg)) from emp;
select avg(ceil(avg)) from emp
                *
1행에 오류:
ORA-00904: "AVG": 부적합한 식별자 


SQL> select avg(ceil(sal)) from emp;

AVG(CEIL(SAL))                                                                                                                                                                                          
--------------                                                                                                                                                                                          
    2077.08333                                                                                                                                                                                          

SQL> select avg(sal) from emp;

  AVG(SAL)                                                                                                                                                                                              
----------                                                                                                                                                                                              
2077.08333                                                                                                                                                                                              

SQL> select avg(round(sal,1)) from emp;

AVG(ROUND(SAL,1))                                                                                                                                                                                       
-----------------                                                                                                                                                                                       
       2077.08333                                                                                                                                                                                       

SQL> select ceil(avg(sal)) from emp;

CEIL(AVG(SAL))                                                                                                                                                                                          
--------------                                                                                                                                                                                          
          2078                                                                                                                                                                                          

SQL> select avg(comm) from emp;

 AVG(COMM)                                                                                                                                                                                              
----------                                                                                                                                                                                              
       550                                                                                                                                                                                              

SQL> select nvl(avg(comm)) from emp;
select nvl(avg(comm)) from emp
       *
1행에 오류:
ORA-00909: 인수의 개수가 부적합합니다 


SQL> select avc(nvl(comm,0))from emp;
select avc(nvl(comm,0))from emp
       *
1행에 오류:
ORA-00904: "AVC": 부적합한 식별자 


SQL> select avg(nvl(comm,0))from emp;

AVG(NVL(COMM,0))                                                                                                                                                                                        
----------------                                                                                                                                                                                        
      183.333333                                                                                                                                                                                        

SQL> selec max(sal) from emp;
SP2-0734: "selec max(..."(으)로 시작되는 알 수 없는 명령 - 나머지 줄은 무시되었습니다.
SQL> select max(sal) from emp;

  MAX(SAL)                                                                                                                                                                                              
----------                                                                                                                                                                                              
      5000                                                                                                                                                                                              

SQL> select deptnno from emp;
select deptnno from emp
       *
1행에 오류:
ORA-00904: "DEPTNNO": 부적합한 식별자 


SQL> selelct deptno from emp;
SP2-0734: "selelct de..."(으)로 시작되는 알 수 없는 명령 - 나머지 줄은 무시되었습니다.
SQL> select deptno from emp;

    DEPTNO                                                                                                                                                                                              
----------                                                                                                                                                                                              
        20                                                                                                                                                                                              
        30                                                                                                                                                                                              
        30                                                                                                                                                                                              
        20                                                                                                                                                                                              
        30                                                                                                                                                                                              
        30                                                                                                                                                                                              
        10                                                                                                                                                                                              
        10                                                                                                                                                                                              
        30                                                                                                                                                                                              
        30                                                                                                                                                                                              
        20                                                                                                                                                                                              
        10                                                                                                                                                                                              

12 개의 행이 선택되었습니다.

SQL> select deptno from emp order by deptno asc;

    DEPTNO                                                                                                                                                                                              
----------                                                                                                                                                                                              
        10                                                                                                                                                                                              
        10                                                                                                                                                                                              
        10                                                                                                                                                                                              
        20                                                                                                                                                                                              
        20                                                                                                                                                                                              
        20                                                                                                                                                                                              
        30                                                                                                                                                                                              
        30                                                                                                                                                                                              
        30                                                                                                                                                                                              
        30                                                                                                                                                                                              
        30                                                                                                                                                                                              
        30                                                                                                                                                                                              

12 개의 행이 선택되었습니다.

SQL> select ename, deptno from emp order by deptno asc;

ENAME          DEPTNO                                                                                                                                                                                   
---------- ----------                                                                                                                                                                                   
KING               10                                                                                                                                                                                   
CLARK              10                                                                                                                                                                                   
MILLER             10                                                                                                                                                                                   
FORD               20                                                                                                                                                                                   
SMITH              20                                                                                                                                                                                   
JONES              20                                                                                                                                                                                   
JAMES              30                                                                                                                                                                                   
TURNER             30                                                                                                                                                                                   
MARTIN             30                                                                                                                                                                                   
WARD               30                                                                                                                                                                                   
ALLEN              30                                                                                                                                                                                   
BLAKE              30                                                                                                                                                                                   

12 개의 행이 선택되었습니다.

SQL> selectt deptno,sum(sal)
SP2-0734: "selectt de..."(으)로 시작되는 알 수 없는 명령 - 나머지 줄은 무시되었습니다.
SQL> select deptno, sum(sal)
  2  from emp
  3  group by depttno;
group by depttno
         *
3행에 오류:
ORA-00904: "DEPTTNO": 부적합한 식별자 


SQL> select deptno, sum(sal)
  2  from emp
  3  group by deptno;

    DEPTNO   SUM(SAL)                                                                                                                                                                                   
---------- ----------                                                                                                                                                                                   
        30       9400                                                                                                                                                                                   
        20       6775                                                                                                                                                                                   
        10       8750                                                                                                                                                                                   

SQL> selec deptno,um(sal)salary
SP2-0734: "selec dept..."(으)로 시작되는 알 수 없는 명령 - 나머지 줄은 무시되었습니다.
SQL> select deptno, sum(sal)salary
  2  from emp
  3  group by deptno;

    DEPTNO     SALARY                                                                                                                                                                                   
---------- ----------                                                                                                                                                                                   
        30       9400                                                                                                                                                                                   
        20       6775                                                                                                                                                                                   
        10       8750                                                                                                                                                                                   

SQL> select deptno, avg(sal)
  2  from emp
  3  group by deptno;

    DEPTNO   AVG(SAL)                                                                                                                                                                                   
---------- ----------                                                                                                                                                                                   
        30 1566.66667                                                                                                                                                                                   
        20 2258.33333                                                                                                                                                                                   
        10 2916.66667                                                                                                                                                                                   

SQL> select deptno, avg(sal)
  2  from emp group by deptno;

    DEPTNO   AVG(SAL)                                                                                                                                                                                   
---------- ----------                                                                                                                                                                                   
        30 1566.66667                                                                                                                                                                                   
        20 2258.33333                                                                                                                                                                                   
        10 2916.66667                                                                                                                                                                                   

SQL> select deptno round(avg(sal),1)
  2  from emp
  3  group by deptno;
select deptno round(avg(sal),1)
                   *
1행에 오류:
ORA-00923: FROM 키워드가 필요한 위치에 없습니다. 


SQL> select deptno round(avg(sal),1) from emp group by deptno;
select deptno round(avg(sal),1) from emp group by deptno
                   *
1행에 오류:
ORA-00923: FROM 키워드가 필요한 위치에 없습니다. 


SQL> select deptno, round(avg(sal) ,1)
  2  from emp
  3  group by deptno;

    DEPTNO ROUND(AVG(SAL),1)                                                                                                                                                                            
---------- -----------------                                                                                                                                                                            
        30            1566.7                                                                                                                                                                            
        20            2258.3                                                                                                                                                                            
        10            2916.7                                                                                                                                                                            

SQL> select job, max(sal) from emp group by job;

JOB          MAX(SAL)                                                                                                                                                                                   
---------- ----------                                                                                                                                                                                   
CLERK            1300                                                                                                                                                                                   
SALESMAN         1600                                                                                                                                                                                   
PRESIDENT        5000                                                                                                                                                                                   
MANAGER          2975                                                                                                                                                                                   
ANALYST          3000                                                                                                                                                                                   

SQL> select deptno, round(avg(sal))
  2  from emp
  3  where sal>=1000
  4  group by deptno
  5  order by deptno desc;

    DEPTNO ROUND(AVG(SAL))                                                                                                                                                                              
---------- ---------------                                                                                                                                                                              
        30            1690                                                                                                                                                                              
        20            2988                                                                                                                                                                              
        10            2917                                                                                                                                                                              

SQL> seleect deptno, round(avg(sal))
SP2-0734: "seleect de..."(으)로 시작되는 알 수 없는 명령 - 나머지 줄은 무시되었습니다.
SQL> select deptno, round(avg(sal))
  2  from emp
  3  where sal>=1000
  4  group by deptno
  5  order by deptno desc;

    DEPTNO ROUND(AVG(SAL))                                                                                                                                                                              
---------- ---------------                                                                                                                                                                              
        30            1690                                                                                                                                                                              
        20            2988                                                                                                                                                                              
        10            2917                                                                                                                                                                              

SQL>  select sal, sal*1.1
  2  from emp
  3  where deptno=10;

       SAL    SAL*1.1                                                                                                                                                                                   
---------- ----------                                                                                                                                                                                   
      2450       2695                                                                                                                                                                                   
      5000       5500                                                                                                                                                                                   
      1300       1430                                                                                                                                                                                   

SQL> selet * from emp where sal >=3000
SP2-0734: "selet * fr..."(으)로 시작되는 알 수 없는 명령 - 나머지 줄은 무시되었습니다.
SQL> select * from wmp where sal >=3000
  2  ;
select * from wmp where sal >=3000
              *
1행에 오류:
ORA-00942: 테이블 또는 뷰가 존재하지 않습니다 


SQL> select *
  2  from emp
  3  where sal>=3000;

     EMPNO ENAME      JOB               MGR HIREDATE        SAL       COMM     DEPTNO                                                                                                                   
---------- ---------- ---------- ---------- -------- ---------- ---------- ----------                                                                                                                   
      7839 KING       PRESIDENT             81/11/17       5000                    10                                                                                                                   
      7902 FORD       ANALYST          7566 81/12/03       3000                    20                                                                                                                   

SQL> selsct ename deptno
SP2-0734: "selsct ena..."(으)로 시작되는 알 수 없는 명령 - 나머지 줄은 무시되었습니다.
SQL> select ename deptno
  2  from emp
  3  where deptno !=30;

DEPTNO                                                                                                                                                                                                  
--------------------                                                                                                                                                                                    
SMITH                                                                                                                                                                                                   
JONES                                                                                                                                                                                                   
CLARK                                                                                                                                                                                                   
KING                                                                                                                                                                                                    
FORD                                                                                                                                                                                                    
MILLER                                                                                                                                                                                                  

6 개의 행이 선택되었습니다.

SQL> select ename, sal
  2  from emp
  3  where deptno=10 and sal>=3000;

ENAME             SAL                                                                                                                                                                                   
---------- ----------                                                                                                                                                                                   
KING             5000                                                                                                                                                                                   

SQL> select empno, ename, deptno
  2  from
  3  emp
  4  where job='salesman' or job='manager';

선택된 레코드가 없습니다.

SQL> selec empno, deeptno
SP2-0734: "selec empn..."(으)로 시작되는 알 수 없는 명령 - 나머지 줄은 무시되었습니다.
SQL> select empno, deptno
  2  from emp
  3  where job ='salesmann'
  4  or job = '
  5  manager';

선택된 레코드가 없습니다.

SQL> select empno, deptno
  2  from emp
  3  where job=='salesman' or job='manager';
where job=='salesman' or job='manager'
          *
3행에 오류:
ORA-00936: 누락된 표현식 


SQL> select empno, deptno
  2  from emp
  3  where job='salesman' or job='manager';

선택된 레코드가 없습니다.

SQL> select job from emp
  2  ;

JOB                                                                                                                                                                                                     
----------                                                                                                                                                                                              
CLERK                                                                                                                                                                                                   
SALESMAN                                                                                                                                                                                                
SALESMAN                                                                                                                                                                                                
MANAGER                                                                                                                                                                                                 
SALESMAN                                                                                                                                                                                                
MANAGER                                                                                                                                                                                                 
MANAGER                                                                                                                                                                                                 
PRESIDENT                                                                                                                                                                                               
SALESMAN                                                                                                                                                                                                
CLERK                                                                                                                                                                                                   
ANALYST                                                                                                                                                                                                 
CLERK                                                                                                                                                                                                   

12 개의 행이 선택되었습니다.

SQL> select empno, enname, deptno
  2  from emp
  3  where job ='SALESMAN' or job='MANAGER';
select empno, enname, deptno
              *
1행에 오류:
ORA-00904: "ENNAME": 부적합한 식별자 


SQL> select empno, ename, deptno
  2  from emp
  3  select empno, enname, deptno
  4  from emp
  5  where job ='SALESMAN' or job='MANAGER';
select empno, enname, deptno
*
3행에 오류:
ORA-00933: SQL 명령어가 올바르게 종료되지 않았습니다 


SQL> select empno, ename, deptno
  2  from emp
  3  where job='SALESSMAN' or job='MANAGER';

     EMPNO ENAME          DEPTNO                                                                                                                                                                        
---------- ---------- ----------                                                                                                                                                                        
      7566 JONES              20                                                                                                                                                                        
      7698 BLAKE              30                                                                                                                                                                        
      7782 CLARK              10                                                                                                                                                                        

SQL> select empno, ename, deptno
  2  from emp
  3  where job='SALESMAN' or job='MANAGER';

     EMPNO ENAME          DEPTNO                                                                                                                                                                        
---------- ---------- ----------                                                                                                                                                                        
      7499 ALLEN              30                                                                                                                                                                        
      7521 WARD               30                                                                                                                                                                        
      7566 JONES              20                                                                                                                                                                        
      7654 MARTIN             30                                                                                                                                                                        
      7698 BLAKE              30                                                                                                                                                                        
      7782 CLARK              10                                                                                                                                                                        
      7844 TURNER             30                                                                                                                                                                        

7 개의 행이 선택되었습니다.

SQL> select empno, ename, depno
  2  from emp
  3  where deptno in(10,20);
select empno, ename, depno
                     *
1행에 오류:
ORA-00904: "DEPNO": 부적합한 식별자 


SQL> select empno, ename, deptno
  2  from emp
  3  where deptno in(10,20);

     EMPNO ENAME          DEPTNO                                                                                                                                                                        
---------- ---------- ----------                                                                                                                                                                        
      7369 SMITH              20                                                                                                                                                                        
      7566 JONES              20                                                                                                                                                                        
      7782 CLARK              10                                                                                                                                                                        
      7839 KING               10                                                                                                                                                                        
      7902 FORD               20                                                                                                                                                                        
      7934 MILLER             10                                                                                                                                                                        

6 개의 행이 선택되었습니다.

SQL> select * from emp
  2  ;

     EMPNO ENAME      JOB               MGR HIREDATE        SAL       COMM     DEPTNO                                                                                                                   
---------- ---------- ---------- ---------- -------- ---------- ---------- ----------                                                                                                                   
      7369 SMITH      CLERK            7902 80/12/17        800                    20                                                                                                                   
      7499 ALLEN      SALESMAN         7698 81/02/20       1600        300         30                                                                                                                   
      7521 WARD       SALESMAN         7698 81/02/22       1250        500         30                                                                                                                   
      7566 JONES      MANAGER          7839 81/04/02       2975                    20                                                                                                                   
      7654 MARTIN     SALESMAN         7698 81/09/28       1250       1400         30                                                                                                                   
      7698 BLAKE      MANAGER          7839 81/05/01       2850                    30                                                                                                                   
      7782 CLARK      MANAGER          7839 81/06/09       2450                    10                                                                                                                   
      7839 KING       PRESIDENT             81/11/17       5000                    10                                                                                                                   
      7844 TURNER     SALESMAN         7698 81/09/08       1500          0         30                                                                                                                   
      7900 JAMES      CLERK            7698 81/12/03        950                    30                                                                                                                   
      7902 FORD       ANALYST          7566 81/12/03       3000                    20                                                                                                                   
      7934 MILLER     CLERK            7782 82/01/23       1300                    10                                                                                                                   

12 개의 행이 선택되었습니다.

SQL> select *
  2  from emp
  3  order hiredate asc;
order hiredate asc
      *
3행에 오류:
ORA-00924: 누락된 BY 키워드 


SQL> select *
  2  from emp
  3  orderby  hiredate asc;
orderby  hiredate asc
         *
3행에 오류:
ORA-00933: SQL 명령어가 올바르게 종료되지 않았습니다 


SQL> select *
  2  from emp
  3  order by hiredate asc;

     EMPNO ENAME      JOB               MGR HIREDATE        SAL       COMM     DEPTNO                                                                                                                   
---------- ---------- ---------- ---------- -------- ---------- ---------- ----------                                                                                                                   
      7369 SMITH      CLERK            7902 80/12/17        800                    20                                                                                                                   
      7499 ALLEN      SALESMAN         7698 81/02/20       1600        300         30                                                                                                                   
      7521 WARD       SALESMAN         7698 81/02/22       1250        500         30                                                                                                                   
      7566 JONES      MANAGER          7839 81/04/02       2975                    20                                                                                                                   
      7698 BLAKE      MANAGER          7839 81/05/01       2850                    30                                                                                                                   
      7782 CLARK      MANAGER          7839 81/06/09       2450                    10                                                                                                                   
      7844 TURNER     SALESMAN         7698 81/09/08       1500          0         30                                                                                                                   
      7654 MARTIN     SALESMAN         7698 81/09/28       1250       1400         30                                                                                                                   
      7839 KING       PRESIDENT             81/11/17       5000                    10                                                                                                                   
      7900 JAMES      CLERK            7698 81/12/03        950                    30                                                                                                                   
      7902 FORD       ANALYST          7566 81/12/03       3000                    20                                                                                                                   
      7934 MILLER     CLERK            7782 82/01/23       1300                    10                                                                                                                   

12 개의 행이 선택되었습니다.

SQL> select * from emp
  2  
SQL> 
SQL> select hiredate
  2  from emp
  3  orde by hiredate asc;
orde by hiredate asc
     *
3행에 오류:
ORA-00933: SQL 명령어가 올바르게 종료되지 않았습니다 


SQL> select hiredate
  2  from emp
  3  avg(hiredate);
avg(hiredate)
   *
3행에 오류:
ORA-00933: SQL 명령어가 올바르게 종료되지 않았습니다 


SQL> select avg(hiredate) from emp;
select avg(hiredate) from emp
           *
1행에 오류:
ORA-00932: 일관성 없는 데이터 유형: NUMBER이(가) 필요하지만 DATE임 


SQL> select avg(comm) from emp;

 AVG(COMM)                                                                                                                                                                                              
----------                                                                                                                                                                                              
       550                                                                                                                                                                                              

SQL> select avg(nvl(comm,0))from emp;

AVG(NVL(COMM,0))                                                                                                                                                                                        
----------------                                                                                                                                                                                        
      183.333333                                                                                                                                                                                        

SQL> select avg(sal) from emp;

  AVG(SAL)                                                                                                                                                                                              
----------                                                                                                                                                                                              
2077.08333                                                                                                                                                                                              

SQL> select deptno,su,(sal)
  2  from emp
  3  select deptno,su,(sal)
  4  
SQL> select job,sum(sal)
  2  from emp
  3  group by job;

JOB          SUM(SAL)                                                                                                                                                                                   
---------- ----------                                                                                                                                                                                   
CLERK            3050                                                                                                                                                                                   
SALESMAN         5600                                                                                                                                                                                   
PRESIDENT        5000                                                                                                                                                                                   
MANAGER          8275                                                                                                                                                                                   
ANALYST          3000                                                                                                                                                                                   

SQL> select job,avg(sal)
  2  from emp
  3  group by job
  4  ;

JOB          AVG(SAL)                                                                                                                                                                                   
---------- ----------                                                                                                                                                                                   
CLERK      1016.66667                                                                                                                                                                                   
SALESMAN         1400                                                                                                                                                                                   
PRESIDENT        5000                                                                                                                                                                                   
MANAGER    2758.33333                                                                                                                                                                                   
ANALYST          3000                                                                                                                                                                                   

SQL> select round(avg(sal),1)
  2  from emp
  3  group by job;

ROUND(AVG(SAL),1)                                                                                                                                                                                       
-----------------                                                                                                                                                                                       
           1016.7                                                                                                                                                                                       
             1400                                                                                                                                                                                       
             5000                                                                                                                                                                                       
           2758.3                                                                                                                                                                                       
             3000                                                                                                                                                                                       

SQL> select job,max(sal)
  2  from emp
  3  group by job;

JOB          MAX(SAL)                                                                                                                                                                                   
---------- ----------                                                                                                                                                                                   
CLERK            1300                                                                                                                                                                                   
SALESMAN         1600                                                                                                                                                                                   
PRESIDENT        5000                                                                                                                                                                                   
MANAGER          2975                                                                                                                                                                                   
ANALYST          3000                                                                                                                                                                                   

SQL> select deptno round(avg(sal))
  2  from emp
  3  where sal>=1000
  4  group by deptno
  5  order by deptno desc;
select deptno round(avg(sal))
                   *
1행에 오류:
ORA-00923: FROM 키워드가 필요한 위치에 없습니다. 


SQL> select deptno rounnd(avg(sal))
  2  from emp
  3  where sal >=1000
  4  group by deptno
  5  order by desc;
select deptno rounnd(avg(sal))
                    *
1행에 오류:
ORA-00923: FROM 키워드가 필요한 위치에 없습니다. 


SQL> select deptno round(avg(sal)) from emp
  2  where sal >1000
  3  group by deptno
  4  ordeer by desc;
select deptno round(avg(sal)) from emp
                   *
1행에 오류:
ORA-00923: FROM 키워드가 필요한 위치에 없습니다. 


SQL> select deptno, round(avg(sal) )
  2  from emp
  3  where sal>1000
  4  group by depno
  5  order by deptno desc;
group by depno
         *
4행에 오류:
ORA-00904: "DEPNO": 부적합한 식별자 


SQL> select deptno, round(avg(sal) )
  2  from emp
  3  where sal>1000
  4  group by deptno
  5  order by deptno desc;

    DEPTNO ROUND(AVG(SAL))                                                                                                                                                                              
---------- ---------------                                                                                                                                                                              
        30            1690                                                                                                                                                                              
        20            2988                                                                                                                                                                              
        10            2917                                                                                                                                                                              

SQL> seect depnno, avg(sal)
SP2-0734: "seect depn..."(으)로 시작되는 알 수 없는 명령 - 나머지 줄은 무시되었습니다.
SQL> select deptno, avg(sal)
  2  from emp
  3  where sal>=1000
  4  group by deptno
  5  having avg(sal)>=2000;

    DEPTNO   AVG(SAL)                                                                                                                                                                                   
---------- ----------                                                                                                                                                                                   
        20     2987.5                                                                                                                                                                                   
        10 2916.66667                                                                                                                                                                                   

SQL>  select deptno, job, count(*)
  2  from emp
  3  group by deptno, job
  4  order by deptno asc;

    DEPTNO JOB          COUNT(*)                                                                                                                                                                        
---------- ---------- ----------                                                                                                                                                                        
        10 CLERK               1                                                                                                                                                                        
        10 MANAGER             1                                                                                                                                                                        
        10 PRESIDENT           1                                                                                                                                                                        
        20 ANALYST             1                                                                                                                                                                        
        20 CLERK               1                                                                                                                                                                        
        20 MANAGER             1                                                                                                                                                                        
        30 CLERK               1                                                                                                                                                                        
        30 MANAGER             1                                                                                                                                                                        
        30 SALESMAN            4                                                                                                                                                                        

9 개의 행이 선택되었습니다.

SQL> select deptno, avg(sal)
  2  from emp
  3  where sal>=1000
  4  group by depto
  5  havinng avg(sal)>=1000;
havinng avg(sal)>=1000
*
5행에 오류:
ORA-00933: SQL 명령어가 올바르게 종료되지 않았습니다 


SQL> having avg(sal)>=1000;
SP2-0734: "having avg..."(으)로 시작되는 알 수 없는 명령 - 나머지 줄은 무시되었습니다.
SQL> select deptno, avg(sal)
  2  from emp
  3  where sal>=1000
  4  group by deptno
  5  having avg(sal)>=2000;

    DEPTNO   AVG(SAL)                                                                                                                                                                                   
---------- ----------                                                                                                                                                                                   
        20     2987.5                                                                                                                                                                                   
        10 2916.66667                                                                                                                                                                                   

SQL> desc dept
 이름                                                                                                              널?      유형
 ----------------------------------------------------------------------------------------------------------------- -------- ----------------------------------------------------------------------------
 DEPTNO                                                                                                            NOT NULL NUMBER(2)
 DNAME                                                                                                                      VARCHAR2(14)
 LOC                                                                                                                        VARCHAR2(13)

SQL> select * from dept;

    DEPTNO DNAME                        LOC                                                                                                                                                             
---------- ---------------------------- --------------------------                                                                                                                                      
        10 ACCOUNTING                   NEW YORK                                                                                                                                                        
        20 RESEARCH                     DALLAS                                                                                                                                                          
        30 SALES                        CHICAGO                                                                                                                                                         
        40 OPERATIONS                   BOSTON                                                                                                                                                          

SQL> select ename, dname
  2  from emp;
select ename, dname
              *
1행에 오류:
ORA-00904: "DNAME": 부적합한 식별자 


SQL> selece ename, deptno, dname
SP2-0734: "selece ena..."(으)로 시작되는 알 수 없는 명령 - 나머지 줄은 무시되었습니다.
SQL> select ename, deptno, dname
  2  from emp dept;
select ename, deptno, dname
                      *
1행에 오류:
ORA-00904: "DNAME": 부적합한 식별자 


SQL> select ename, deptno, dname
  2  from emp, dept;
select ename, deptno, dname
              *
1행에 오류:
ORA-00918: 열의 정의가 애매합니다 


SQL> select ename, emp.deptno, dept.deptno, dname
  2  from emp, dept;

ENAME          DEPTNO     DEPTNO DNAME                                                                                                                                                                  
---------- ---------- ---------- ----------------------------                                                                                                                                           
SMITH              20         10 ACCOUNTING                                                                                                                                                             
ALLEN              30         10 ACCOUNTING                                                                                                                                                             
WARD               30         10 ACCOUNTING                                                                                                                                                             
JONES              20         10 ACCOUNTING                                                                                                                                                             
MARTIN             30         10 ACCOUNTING                                                                                                                                                             
BLAKE              30         10 ACCOUNTING                                                                                                                                                             
CLARK              10         10 ACCOUNTING                                                                                                                                                             
KING               10         10 ACCOUNTING                                                                                                                                                             
TURNER             30         10 ACCOUNTING                                                                                                                                                             
JAMES              30         10 ACCOUNTING                                                                                                                                                             
FORD               20         10 ACCOUNTING                                                                                                                                                             
MILLER             10         10 ACCOUNTING                                                                                                                                                             
SMITH              20         20 RESEARCH                                                                                                                                                               
ALLEN              30         20 RESEARCH                                                                                                                                                               
WARD               30         20 RESEARCH                                                                                                                                                               
JONES              20         20 RESEARCH                                                                                                                                                               
MARTIN             30         20 RESEARCH                                                                                                                                                               

ENAME          DEPTNO     DEPTNO DNAME                                                                                                                                                                  
---------- ---------- ---------- ----------------------------                                                                                                                                           
BLAKE              30         20 RESEARCH                                                                                                                                                               
CLARK              10         20 RESEARCH                                                                                                                                                               
KING               10         20 RESEARCH                                                                                                                                                               
TURNER             30         20 RESEARCH                                                                                                                                                               
JAMES              30         20 RESEARCH                                                                                                                                                               
FORD               20         20 RESEARCH                                                                                                                                                               
MILLER             10         20 RESEARCH                                                                                                                                                               
SMITH              20         30 SALES                                                                                                                                                                  
ALLEN              30         30 SALES                                                                                                                                                                  
WARD               30         30 SALES                                                                                                                                                                  
JONES              20         30 SALES                                                                                                                                                                  
MARTIN             30         30 SALES                                                                                                                                                                  
BLAKE              30         30 SALES                                                                                                                                                                  
CLARK              10         30 SALES                                                                                                                                                                  
KING               10         30 SALES                                                                                                                                                                  
TURNER             30         30 SALES                                                                                                                                                                  
JAMES              30         30 SALES                                                                                                                                                                  

ENAME          DEPTNO     DEPTNO DNAME                                                                                                                                                                  
---------- ---------- ---------- ----------------------------                                                                                                                                           
FORD               20         30 SALES                                                                                                                                                                  
MILLER             10         30 SALES                                                                                                                                                                  
SMITH              20         40 OPERATIONS                                                                                                                                                             
ALLEN              30         40 OPERATIONS                                                                                                                                                             
WARD               30         40 OPERATIONS                                                                                                                                                             
JONES              20         40 OPERATIONS                                                                                                                                                             
MARTIN             30         40 OPERATIONS                                                                                                                                                             
BLAKE              30         40 OPERATIONS                                                                                                                                                             
CLARK              10         40 OPERATIONS                                                                                                                                                             
KING               10         40 OPERATIONS                                                                                                                                                             
TURNER             30         40 OPERATIONS                                                                                                                                                             
JAMES              30         40 OPERATIONS                                                                                                                                                             
FORD               20         40 OPERATIONS                                                                                                                                                             
MILLER             10         40 OPERATIONS                                                                                                                                                             

48 개의 행이 선택되었습니다.

SQL> ed
file afiedt.buf(이)가 기록되었습니다

  1  select ename, emp.deptno, dept.deptno, dname
  2  from emp, dept
  3* order by ename asc
SQL> ad
SP2-0042: 알 수 없는 명령어 "ad" - 나머지 줄 무시.
SQL> ed
file afiedt.buf(이)가 기록되었습니다

  1  select ename, emp.deptno, dept.deptno, dname
  2  from emp, dept
  3* order by ename asc;
SQL> select ename, emp.deptno, dept.deptno, dname
  2  from emp, dept;

ENAME          DEPTNO     DEPTNO DNAME                                                                                                                                                                  
---------- ---------- ---------- ----------------------------                                                                                                                                           
SMITH              20         10 ACCOUNTING                                                                                                                                                             
ALLEN              30         10 ACCOUNTING                                                                                                                                                             
WARD               30         10 ACCOUNTING                                                                                                                                                             
JONES              20         10 ACCOUNTING                                                                                                                                                             
MARTIN             30         10 ACCOUNTING                                                                                                                                                             
BLAKE              30         10 ACCOUNTING                                                                                                                                                             
CLARK              10         10 ACCOUNTING                                                                                                                                                             
KING               10         10 ACCOUNTING                                                                                                                                                             
TURNER             30         10 ACCOUNTING                                                                                                                                                             
JAMES              30         10 ACCOUNTING                                                                                                                                                             
FORD               20         10 ACCOUNTING                                                                                                                                                             
MILLER             10         10 ACCOUNTING                                                                                                                                                             
SMITH              20         20 RESEARCH                                                                                                                                                               
ALLEN              30         20 RESEARCH                                                                                                                                                               
WARD               30         20 RESEARCH                                                                                                                                                               
JONES              20         20 RESEARCH                                                                                                                                                               
MARTIN             30         20 RESEARCH                                                                                                                                                               

ENAME          DEPTNO     DEPTNO DNAME                                                                                                                                                                  
---------- ---------- ---------- ----------------------------                                                                                                                                           
BLAKE              30         20 RESEARCH                                                                                                                                                               
CLARK              10         20 RESEARCH                                                                                                                                                               
KING               10         20 RESEARCH                                                                                                                                                               
TURNER             30         20 RESEARCH                                                                                                                                                               
JAMES              30         20 RESEARCH                                                                                                                                                               
FORD               20         20 RESEARCH                                                                                                                                                               
MILLER             10         20 RESEARCH                                                                                                                                                               
SMITH              20         30 SALES                                                                                                                                                                  
ALLEN              30         30 SALES                                                                                                                                                                  
WARD               30         30 SALES                                                                                                                                                                  
JONES              20         30 SALES                                                                                                                                                                  
MARTIN             30         30 SALES                                                                                                                                                                  
BLAKE              30         30 SALES                                                                                                                                                                  
CLARK              10         30 SALES                                                                                                                                                                  
KING               10         30 SALES                                                                                                                                                                  
TURNER             30         30 SALES                                                                                                                                                                  
JAMES              30         30 SALES                                                                                                                                                                  

ENAME          DEPTNO     DEPTNO DNAME                                                                                                                                                                  
---------- ---------- ---------- ----------------------------                                                                                                                                           
FORD               20         30 SALES                                                                                                                                                                  
MILLER             10         30 SALES                                                                                                                                                                  
SMITH              20         40 OPERATIONS                                                                                                                                                             
ALLEN              30         40 OPERATIONS                                                                                                                                                             
WARD               30         40 OPERATIONS                                                                                                                                                             
JONES              20         40 OPERATIONS                                                                                                                                                             
MARTIN             30         40 OPERATIONS                                                                                                                                                             
BLAKE              30         40 OPERATIONS                                                                                                                                                             
CLARK              10         40 OPERATIONS                                                                                                                                                             
KING               10         40 OPERATIONS                                                                                                                                                             
TURNER             30         40 OPERATIONS                                                                                                                                                             
JAMES              30         40 OPERATIONS                                                                                                                                                             
FORD               20         40 OPERATIONS                                                                                                                                                             
MILLER             10         40 OPERATIONS                                                                                                                                                             

48 개의 행이 선택되었습니다.

SQL> ed
file afiedt.buf(이)가 기록되었습니다

  1  select ename, emp.deptno, dept.deptno, dname
  2  from emp, dept
  3* order by ename asc;
SQL> selec ename, emp.deptno, dept.deptno, dname
SP2-0734: "selec enam..."(으)로 시작되는 알 수 없는 명령 - 나머지 줄은 무시되었습니다.
SQL> select ename, emp.deptno, dept.deptno, dname
  2  from emp, dept
  3  order by ename asc;

ENAME          DEPTNO     DEPTNO DNAME                                                                                                                                                                  
---------- ---------- ---------- ----------------------------                                                                                                                                           
ALLEN              30         10 ACCOUNTING                                                                                                                                                             
ALLEN              30         30 SALES                                                                                                                                                                  
ALLEN              30         20 RESEARCH                                                                                                                                                               
ALLEN              30         40 OPERATIONS                                                                                                                                                             
BLAKE              30         20 RESEARCH                                                                                                                                                               
BLAKE              30         40 OPERATIONS                                                                                                                                                             
BLAKE              30         10 ACCOUNTING                                                                                                                                                             
BLAKE              30         30 SALES                                                                                                                                                                  
CLARK              10         30 SALES                                                                                                                                                                  
CLARK              10         20 RESEARCH                                                                                                                                                               
CLARK              10         40 OPERATIONS                                                                                                                                                             
CLARK              10         10 ACCOUNTING                                                                                                                                                             
FORD               20         10 ACCOUNTING                                                                                                                                                             
FORD               20         40 OPERATIONS                                                                                                                                                             
FORD               20         30 SALES                                                                                                                                                                  
FORD               20         20 RESEARCH                                                                                                                                                               
JAMES              30         10 ACCOUNTING                                                                                                                                                             

ENAME          DEPTNO     DEPTNO DNAME                                                                                                                                                                  
---------- ---------- ---------- ----------------------------                                                                                                                                           
JAMES              30         20 RESEARCH                                                                                                                                                               
JAMES              30         30 SALES                                                                                                                                                                  
JAMES              30         40 OPERATIONS                                                                                                                                                             
JONES              20         30 SALES                                                                                                                                                                  
JONES              20         40 OPERATIONS                                                                                                                                                             
JONES              20         10 ACCOUNTING                                                                                                                                                             
JONES              20         20 RESEARCH                                                                                                                                                               
KING               10         40 OPERATIONS                                                                                                                                                             
KING               10         30 SALES                                                                                                                                                                  
KING               10         20 RESEARCH                                                                                                                                                               
KING               10         10 ACCOUNTING                                                                                                                                                             
MARTIN             30         10 ACCOUNTING                                                                                                                                                             
MARTIN             30         30 SALES                                                                                                                                                                  
MARTIN             30         40 OPERATIONS                                                                                                                                                             
MARTIN             30         20 RESEARCH                                                                                                                                                               
MILLER             10         20 RESEARCH                                                                                                                                                               
MILLER             10         10 ACCOUNTING                                                                                                                                                             

ENAME          DEPTNO     DEPTNO DNAME                                                                                                                                                                  
---------- ---------- ---------- ----------------------------                                                                                                                                           
MILLER             10         30 SALES                                                                                                                                                                  
MILLER             10         40 OPERATIONS                                                                                                                                                             
SMITH              20         20 RESEARCH                                                                                                                                                               
SMITH              20         40 OPERATIONS                                                                                                                                                             
SMITH              20         30 SALES                                                                                                                                                                  
SMITH              20         10 ACCOUNTING                                                                                                                                                             
TURNER             30         40 OPERATIONS                                                                                                                                                             
TURNER             30         10 ACCOUNTING                                                                                                                                                             
TURNER             30         30 SALES                                                                                                                                                                  
TURNER             30         20 RESEARCH                                                                                                                                                               
WARD               30         20 RESEARCH                                                                                                                                                               
WARD               30         40 OPERATIONS                                                                                                                                                             
WARD               30         30 SALES                                                                                                                                                                  
WARD               30         10 ACCOUNTING                                                                                                                                                             

48 개의 행이 선택되었습니다.

SQL> select * from dept
  2  ;

    DEPTNO DNAME                        LOC                                                                                                                                                             
---------- ---------------------------- --------------------------                                                                                                                                      
        10 ACCOUNTING                   NEW YORK                                                                                                                                                        
        20 RESEARCH                     DALLAS                                                                                                                                                          
        30 SALES                        CHICAGO                                                                                                                                                         
        40 OPERATIONS                   BOSTON                                                                                                                                                          

SQL> select ename, emp.deptno, dept.deptno, dname
  2  from emp, dept
  3  order by ename asc;

ENAME          DEPTNO     DEPTNO DNAME                                                                                                                                                                  
---------- ---------- ---------- ----------------------------                                                                                                                                           
ALLEN              30         10 ACCOUNTING                                                                                                                                                             
ALLEN              30         30 SALES                                                                                                                                                                  
ALLEN              30         20 RESEARCH                                                                                                                                                               
ALLEN              30         40 OPERATIONS                                                                                                                                                             
BLAKE              30         20 RESEARCH                                                                                                                                                               
BLAKE              30         40 OPERATIONS                                                                                                                                                             
BLAKE              30         10 ACCOUNTING                                                                                                                                                             
BLAKE              30         30 SALES                                                                                                                                                                  
CLARK              10         30 SALES                                                                                                                                                                  
CLARK              10         20 RESEARCH                                                                                                                                                               
CLARK              10         40 OPERATIONS                                                                                                                                                             
CLARK              10         10 ACCOUNTING                                                                                                                                                             
FORD               20         10 ACCOUNTING                                                                                                                                                             
FORD               20         40 OPERATIONS                                                                                                                                                             
FORD               20         30 SALES                                                                                                                                                                  
FORD               20         20 RESEARCH                                                                                                                                                               
JAMES              30         10 ACCOUNTING                                                                                                                                                             

ENAME          DEPTNO     DEPTNO DNAME                                                                                                                                                                  
---------- ---------- ---------- ----------------------------                                                                                                                                           
JAMES              30         20 RESEARCH                                                                                                                                                               
JAMES              30         30 SALES                                                                                                                                                                  
JAMES              30         40 OPERATIONS                                                                                                                                                             
JONES              20         30 SALES                                                                                                                                                                  
JONES              20         40 OPERATIONS                                                                                                                                                             
JONES              20         10 ACCOUNTING                                                                                                                                                             
JONES              20         20 RESEARCH                                                                                                                                                               
KING               10         40 OPERATIONS                                                                                                                                                             
KING               10         30 SALES                                                                                                                                                                  
KING               10         20 RESEARCH                                                                                                                                                               
KING               10         10 ACCOUNTING                                                                                                                                                             
MARTIN             30         10 ACCOUNTING                                                                                                                                                             
MARTIN             30         30 SALES                                                                                                                                                                  
MARTIN             30         40 OPERATIONS                                                                                                                                                             
MARTIN             30         20 RESEARCH                                                                                                                                                               
MILLER             10         20 RESEARCH                                                                                                                                                               
MILLER             10         10 ACCOUNTING                                                                                                                                                             

ENAME          DEPTNO     DEPTNO DNAME                                                                                                                                                                  
---------- ---------- ---------- ----------------------------                                                                                                                                           
MILLER             10         30 SALES                                                                                                                                                                  
MILLER             10         40 OPERATIONS                                                                                                                                                             
SMITH              20         20 RESEARCH                                                                                                                                                               
SMITH              20         40 OPERATIONS                                                                                                                                                             
SMITH              20         30 SALES                                                                                                                                                                  
SMITH              20         10 ACCOUNTING                                                                                                                                                             
TURNER             30         40 OPERATIONS                                                                                                                                                             
TURNER             30         10 ACCOUNTING                                                                                                                                                             
TURNER             30         30 SALES                                                                                                                                                                  
TURNER             30         20 RESEARCH                                                                                                                                                               
WARD               30         20 RESEARCH                                                                                                                                                               
WARD               30         40 OPERATIONS                                                                                                                                                             
WARD               30         30 SALES                                                                                                                                                                  
WARD               30         10 ACCOUNTING                                                                                                                                                             

48 개의 행이 선택되었습니다.

SQL> select ename, emp.deptno, dept.deptno, dname
  2  from emp, dept
  3  where emp.deptno=dept.deptno
  4  order by ename asc;

ENAME          DEPTNO     DEPTNO DNAME                                                                                                                                                                  
---------- ---------- ---------- ----------------------------                                                                                                                                           
ALLEN              30         30 SALES                                                                                                                                                                  
BLAKE              30         30 SALES                                                                                                                                                                  
CLARK              10         10 ACCOUNTING                                                                                                                                                             
FORD               20         20 RESEARCH                                                                                                                                                               
JAMES              30         30 SALES                                                                                                                                                                  
JONES              20         20 RESEARCH                                                                                                                                                               
KING               10         10 ACCOUNTING                                                                                                                                                             
MARTIN             30         30 SALES                                                                                                                                                                  
MILLER             10         10 ACCOUNTING                                                                                                                                                             
SMITH              20         20 RESEARCH                                                                                                                                                               
TURNER             30         30 SALES                                                                                                                                                                  
WARD               30         30 SALES                                                                                                                                                                  

12 개의 행이 선택되었습니다.

SQL> select ename, deptno from emp order by ename asc;

ENAME          DEPTNO                                                                                                                                                                                   
---------- ----------                                                                                                                                                                                   
ALLEN              30                                                                                                                                                                                   
BLAKE              30                                                                                                                                                                                   
CLARK              10                                                                                                                                                                                   
FORD               20                                                                                                                                                                                   
JAMES              30                                                                                                                                                                                   
JONES              20                                                                                                                                                                                   
KING               10                                                                                                                                                                                   
MARTIN             30                                                                                                                                                                                   
MILLER             10                                                                                                                                                                                   
SMITH              20                                                                                                                                                                                   
TURNER             30                                                                                                                                                                                   
WARD               30                                                                                                                                                                                   

12 개의 행이 선택되었습니다.

SQL> select ename, emp.deptno, dname
  2  from emp,dept
  3  where emp,deptno = dept.deptno;
where emp,deptno = dept.deptno
         *
3행에 오류:
ORA-00920: 관계 연산자가 부적합합니다 


SQL> select ename, emp.deptno, dname
  2  from emp,dept
  3  where emp.deptno = dept.deptno;

ENAME          DEPTNO DNAME                                                                                                                                                                             
---------- ---------- ----------------------------                                                                                                                                                      
SMITH              20 RESEARCH                                                                                                                                                                          
ALLEN              30 SALES                                                                                                                                                                             
WARD               30 SALES                                                                                                                                                                             
JONES              20 RESEARCH                                                                                                                                                                          
MARTIN             30 SALES                                                                                                                                                                             
BLAKE              30 SALES                                                                                                                                                                             
CLARK              10 ACCOUNTING                                                                                                                                                                        
KING               10 ACCOUNTING                                                                                                                                                                        
TURNER             30 SALES                                                                                                                                                                             
JAMES              30 SALES                                                                                                                                                                             
FORD               20 RESEARCH                                                                                                                                                                          
MILLER             10 ACCOUNTING                                                                                                                                                                        

12 개의 행이 선택되었습니다.

SQL> select ename, dname
  2  from emp, dept
  3  where emp.depno=dept.deptno
  4  and
  5  sal between3000 and 5000;
sal between3000 and 5000
    *
5행에 오류:
ORA-00920: 관계 연산자가 부적합합니다 


SQL> select ename, dname
  2  from emp, dept
  3  where emp.depno=dept.deptno
  4  and
  5  sal between 3000 and 5000;
where emp.depno=dept.deptno
      *
3행에 오류:
ORA-00904: "EMP"."DEPNO": 부적합한 식별자 


SQL> select ename, dname
  2  from emp, dept
  3  where emp.depno=dept.deptno
  4  and
  5  sal between 3000 and 5000;
where emp.depno=dept.deptno
      *
3행에 오류:
ORA-00904: "EMP"."DEPNO": 부적합한 식별자 


SQL> select ename, emp.depttno, dnamee
  2  from emp,dept
  3  where emp.dept
  4  
SQL> 
SQL> select ename, hiredae, emp.deptno, dname
  2  from emp, dept
  3  where emp.deptnno = dept.deptno
  4  and dname == 'ACCOUNGTING';
and dname == 'ACCOUNGTING'
           *
4행에 오류:
ORA-00936: 누락된 표현식 


SQL> select ename, hiredae, emp.deptno, dname
  2  from emp, dept
  3  where emp.deptnno = dept.deptno
  4  and dname = 'ACCOUNGTING';
where emp.deptnno = dept.deptno
      *
3행에 오류:
ORA-00904: "EMP"."DEPTNNO": 부적합한 식별자 


SQL> select ename, hiredae, emp.deptno, dname
  2  from emp, dept
  3  where emp.deptno = dept.deptno
  4  and dname = 'ACCOUNGTING';
select ename, hiredae, emp.deptno, dname
              *
1행에 오류:
ORA-00904: "HIREDAE": 부적합한 식별자 


SQL> select ename, hiredae, emp.deptno, dname
  2  from emp, dept
  3  
SQL> 
SQL> select ename, hiredate, emp.deptno, dname
  2  from emp, dept
  3  where emp.deptno = dept.deptno
  4  and dname = 'ACCOUNGTING';

선택된 레코드가 없습니다.

SQL> select ename, hiredae, emp.deptno, dname
  2  from emp, dept
  3  where emp.deptno = dept.deptno
  4  and dname = 'ACCOUNTING';
select ename, hiredae, emp.deptno, dname
              *
1행에 오류:
ORA-00904: "HIREDAE": 부적합한 식별자 


SQL> select ename, hiredate, emp.deptno, dname
  2  from emp, dept
  3  where emp.deptno = dept.deptno
  4  and dname = 'ACCOUNTING';

ENAME      HIREDATE     DEPTNO DNAME                                                                                                                                                                    
---------- -------- ---------- ----------------------------                                                                                                                                             
CLARK      81/06/09         10 ACCOUNTING                                                                                                                                                               
KING       81/11/17         10 ACCOUNTING                                                                                                                                                               
MILLER     82/01/23         10 ACCOUNTING                                                                                                                                                               

SQL> select ename, hiredate, emp.deptno, dname
  2  from emp b, dept c
  3  where b.deptn
  4  
SQL> 
SQL> select ename, hiredate, emp.deptno, dname
  2  from emp
  3  inner join dept on emp.deptno = dept.deptno
  4  ;

ENAME      HIREDATE     DEPTNO DNAME                                                                                                                                                                    
---------- -------- ---------- ----------------------------                                                                                                                                             
SMITH      80/12/17         20 RESEARCH                                                                                                                                                                 
ALLEN      81/02/20         30 SALES                                                                                                                                                                    
WARD       81/02/22         30 SALES                                                                                                                                                                    
JONES      81/04/02         20 RESEARCH                                                                                                                                                                 
MARTIN     81/09/28         30 SALES                                                                                                                                                                    
BLAKE      81/05/01         30 SALES                                                                                                                                                                    
CLARK      81/06/09         10 ACCOUNTING                                                                                                                                                               
KING       81/11/17         10 ACCOUNTING                                                                                                                                                               
TURNER     81/09/08         30 SALES                                                                                                                                                                    
JAMES      81/12/03         30 SALES                                                                                                                                                                    
FORD       81/12/03         20 RESEARCH                                                                                                                                                                 
MILLER     82/01/23         10 ACCOUNTING                                                                                                                                                               

12 개의 행이 선택되었습니다.

SQL> select ename, hiredate, emp.deptno, dname
  2  from emp
  3  inner join dept on emp.deptno = dept.deptno
  4  where dname='ACCOUNTING';

ENAME      HIREDATE     DEPTNO DNAME                                                                                                                                                                    
---------- -------- ---------- ----------------------------                                                                                                                                             
CLARK      81/06/09         10 ACCOUNTING                                                                                                                                                               
KING       81/11/17         10 ACCOUNTING                                                                                                                                                               
MILLER     82/01/23         10 ACCOUNTING                                                                                                                                                               

SQL> select ename,  hiredae, emp.deptnno, dname
  2  from emp
  3  inner join dept on emp.deptno=deptt.deptno
  4  where dname = 'ACCOUNTING';
inner join dept on emp.deptno=deptt.deptno
                              *
3행에 오류:
ORA-00904: "DEPTT"."DEPTNO": 부적합한 식별자 


SQL> select ename, hiredate, deptno, dname
  2  from emp
  3  inner join dept using(deptno)
  4  where dname'ACCOUNTING';
where dname'ACCOUNTING'
           *
4행에 오류:
ORA-00920: 관계 연산자가 부적합합니다 


SQL> select ename, hiredate, deptno, dname
  2  from emp
  3  inner join dept using(deptno)
  4  where dname='ACCOUNTING';

ENAME      HIREDATE     DEPTNO DNAME                                                                                                                                                                    
---------- -------- ---------- ----------------------------                                                                                                                                             
CLARK      81/06/09         10 ACCOUNTING                                                                                                                                                               
KING       81/11/17         10 ACCOUNTING                                                                                                                                                               
MILLER     82/01/23         10 ACCOUNTING                                                                                                                                                               

SQL> select ename, hiredate, dname
  2  from emp, dept
  3  where emp.deptno=dept.deptno
  4  and comm is not null;

ENAME      HIREDATE DNAME                                                                                                                                                                               
---------- -------- ----------------------------                                                                                                                                                        
TURNER     81/09/08 SALES                                                                                                                                                                               
MARTIN     81/09/28 SALES                                                                                                                                                                               
WARD       81/02/22 SALES                                                                                                                                                                               
ALLEN      81/02/20 SALES                                                                                                                                                                               

SQL> select ename, hiredate, dname
  2  from emp
  3  inner join dept on emp.deptno=dept.deptno
  4  where comm is not null;

ENAME      HIREDATE DNAME                                                                                                                                                                               
---------- -------- ----------------------------                                                                                                                                                        
TURNER     81/09/08 SALES                                                                                                                                                                               
MARTIN     81/09/28 SALES                                                                                                                                                                               
WARD       81/02/22 SALES                                                                                                                                                                               
ALLEN      81/02/20 SALES                                                                                                                                                                               

SQL> selece eame, hiredate, dname
SP2-0734: "selece eam..."(으)로 시작되는 알 수 없는 명령 - 나머지 줄은 무시되었습니다.
SQL> from emp
SP2-0042: 알 수 없는 명령어 "from emp" - 나머지 줄 무시.
SQL> select ename, hiredate, dname
  2  from emp
  3  inner joi dept using(deptno)
  4  where comm is ot null
  5  ;
inner joi dept using(deptno)
      *
3행에 오류:
ORA-00933: SQL 명령어가 올바르게 종료되지 않았습니다 


SQL> select ename, hiredate, dname
  2  from emp
  3  nner join dept using(deptno)
  4  where comm is not null;

ENAME      HIREDATE DNAME                                                                                                                                                                               
---------- -------- ----------------------------                                                                                                                                                        
TURNER     81/09/08 SALES                                                                                                                                                                               
MARTIN     81/09/28 SALES                                                                                                                                                                               
WARD       81/02/22 SALES                                                                                                                                                                               
ALLEN      81/02/20 SALES                                                                                                                                                                               

SQL> select enanme, mgr from emp;
select enanme, mgr from emp
       *
1행에 오류:
ORA-00904: "ENANME": 부적합한 식별자 


SQL> select ename, mgr from emp;

ENAME             MGR                                                                                                                                                                                   
---------- ----------                                                                                                                                                                                   
SMITH            7902                                                                                                                                                                                   
ALLEN            7698                                                                                                                                                                                   
WARD             7698                                                                                                                                                                                   
JONES            7839                                                                                                                                                                                   
MARTIN           7698                                                                                                                                                                                   
BLAKE            7839                                                                                                                                                                                   
CLARK            7839                                                                                                                                                                                   
KING                                                                                                                                                                                                    
TURNER           7698                                                                                                                                                                                   
JAMES            7698                                                                                                                                                                                   
FORD             7566                                                                                                                                                                                   
MILLER           7782                                                                                                                                                                                   

12 개의 행이 선택되었습니다.

SQL> select e1.ename, e2.name
  2  
SQL> 
SQL> select e1.ename, e1.mgr, e2.empno, e2.ename
  2  from emp e1, emp e2;

ENAME             MGR      EMPNO ENAME                                                                                                                                                                  
---------- ---------- ---------- ----------                                                                                                                                                             
SMITH            7902       7369 SMITH                                                                                                                                                                  
SMITH            7902       7499 ALLEN                                                                                                                                                                  
SMITH            7902       7521 WARD                                                                                                                                                                   
SMITH            7902       7566 JONES                                                                                                                                                                  
SMITH            7902       7654 MARTIN                                                                                                                                                                 
SMITH            7902       7698 BLAKE                                                                                                                                                                  
SMITH            7902       7782 CLARK                                                                                                                                                                  
SMITH            7902       7839 KING                                                                                                                                                                   
SMITH            7902       7844 TURNER                                                                                                                                                                 
SMITH            7902       7900 JAMES                                                                                                                                                                  
SMITH            7902       7902 FORD                                                                                                                                                                   
SMITH            7902       7934 MILLER                                                                                                                                                                 
ALLEN            7698       7369 SMITH                                                                                                                                                                  
ALLEN            7698       7499 ALLEN                                                                                                                                                                  
ALLEN            7698       7521 WARD                                                                                                                                                                   
ALLEN            7698       7566 JONES                                                                                                                                                                  
ALLEN            7698       7654 MARTIN                                                                                                                                                                 

ENAME             MGR      EMPNO ENAME                                                                                                                                                                  
---------- ---------- ---------- ----------                                                                                                                                                             
ALLEN            7698       7698 BLAKE                                                                                                                                                                  
ALLEN            7698       7782 CLARK                                                                                                                                                                  
ALLEN            7698       7839 KING                                                                                                                                                                   
ALLEN            7698       7844 TURNER                                                                                                                                                                 
ALLEN            7698       7900 JAMES                                                                                                                                                                  
ALLEN            7698       7902 FORD                                                                                                                                                                   
ALLEN            7698       7934 MILLER                                                                                                                                                                 
WARD             7698       7369 SMITH                                                                                                                                                                  
WARD             7698       7499 ALLEN                                                                                                                                                                  
WARD             7698       7521 WARD                                                                                                                                                                   
WARD             7698       7566 JONES                                                                                                                                                                  
WARD             7698       7654 MARTIN                                                                                                                                                                 
WARD             7698       7698 BLAKE                                                                                                                                                                  
WARD             7698       7782 CLARK                                                                                                                                                                  
WARD             7698       7839 KING                                                                                                                                                                   
WARD             7698       7844 TURNER                                                                                                                                                                 
WARD             7698       7900 JAMES                                                                                                                                                                  

ENAME             MGR      EMPNO ENAME                                                                                                                                                                  
---------- ---------- ---------- ----------                                                                                                                                                             
WARD             7698       7902 FORD                                                                                                                                                                   
WARD             7698       7934 MILLER                                                                                                                                                                 
JONES            7839       7369 SMITH                                                                                                                                                                  
JONES            7839       7499 ALLEN                                                                                                                                                                  
JONES            7839       7521 WARD                                                                                                                                                                   
JONES            7839       7566 JONES                                                                                                                                                                  
JONES            7839       7654 MARTIN                                                                                                                                                                 
JONES            7839       7698 BLAKE                                                                                                                                                                  
JONES            7839       7782 CLARK                                                                                                                                                                  
JONES            7839       7839 KING                                                                                                                                                                   
JONES            7839       7844 TURNER                                                                                                                                                                 
JONES            7839       7900 JAMES                                                                                                                                                                  
JONES            7839       7902 FORD                                                                                                                                                                   
JONES            7839       7934 MILLER                                                                                                                                                                 
MARTIN           7698       7369 SMITH                                                                                                                                                                  
MARTIN           7698       7499 ALLEN                                                                                                                                                                  
MARTIN           7698       7521 WARD                                                                                                                                                                   

ENAME             MGR      EMPNO ENAME                                                                                                                                                                  
---------- ---------- ---------- ----------                                                                                                                                                             
MARTIN           7698       7566 JONES                                                                                                                                                                  
MARTIN           7698       7654 MARTIN                                                                                                                                                                 
MARTIN           7698       7698 BLAKE                                                                                                                                                                  
MARTIN           7698       7782 CLARK                                                                                                                                                                  
MARTIN           7698       7839 KING                                                                                                                                                                   
MARTIN           7698       7844 TURNER                                                                                                                                                                 
MARTIN           7698       7900 JAMES                                                                                                                                                                  
MARTIN           7698       7902 FORD                                                                                                                                                                   
MARTIN           7698       7934 MILLER                                                                                                                                                                 
BLAKE            7839       7369 SMITH                                                                                                                                                                  
BLAKE            7839       7499 ALLEN                                                                                                                                                                  
BLAKE            7839       7521 WARD                                                                                                                                                                   
BLAKE            7839       7566 JONES                                                                                                                                                                  
BLAKE            7839       7654 MARTIN                                                                                                                                                                 
BLAKE            7839       7698 BLAKE                                                                                                                                                                  
BLAKE            7839       7782 CLARK                                                                                                                                                                  
BLAKE            7839       7839 KING                                                                                                                                                                   

ENAME             MGR      EMPNO ENAME                                                                                                                                                                  
---------- ---------- ---------- ----------                                                                                                                                                             
BLAKE            7839       7844 TURNER                                                                                                                                                                 
BLAKE            7839       7900 JAMES                                                                                                                                                                  
BLAKE            7839       7902 FORD                                                                                                                                                                   
BLAKE            7839       7934 MILLER                                                                                                                                                                 
CLARK            7839       7369 SMITH                                                                                                                                                                  
CLARK            7839       7499 ALLEN                                                                                                                                                                  
CLARK            7839       7521 WARD                                                                                                                                                                   
CLARK            7839       7566 JONES                                                                                                                                                                  
CLARK            7839       7654 MARTIN                                                                                                                                                                 
CLARK            7839       7698 BLAKE                                                                                                                                                                  
CLARK            7839       7782 CLARK                                                                                                                                                                  
CLARK            7839       7839 KING                                                                                                                                                                   
CLARK            7839       7844 TURNER                                                                                                                                                                 
CLARK            7839       7900 JAMES                                                                                                                                                                  
CLARK            7839       7902 FORD                                                                                                                                                                   
CLARK            7839       7934 MILLER                                                                                                                                                                 
KING                        7369 SMITH                                                                                                                                                                  

ENAME             MGR      EMPNO ENAME                                                                                                                                                                  
---------- ---------- ---------- ----------                                                                                                                                                             
KING                        7499 ALLEN                                                                                                                                                                  
KING                        7521 WARD                                                                                                                                                                   
KING                        7566 JONES                                                                                                                                                                  
KING                        7654 MARTIN                                                                                                                                                                 
KING                        7698 BLAKE                                                                                                                                                                  
KING                        7782 CLARK                                                                                                                                                                  
KING                        7839 KING                                                                                                                                                                   
KING                        7844 TURNER                                                                                                                                                                 
KING                        7900 JAMES                                                                                                                                                                  
KING                        7902 FORD                                                                                                                                                                   
KING                        7934 MILLER                                                                                                                                                                 
TURNER           7698       7369 SMITH                                                                                                                                                                  
TURNER           7698       7499 ALLEN                                                                                                                                                                  
TURNER           7698       7521 WARD                                                                                                                                                                   
TURNER           7698       7566 JONES                                                                                                                                                                  
TURNER           7698       7654 MARTIN                                                                                                                                                                 
TURNER           7698       7698 BLAKE                                                                                                                                                                  

ENAME             MGR      EMPNO ENAME                                                                                                                                                                  
---------- ---------- ---------- ----------                                                                                                                                                             
TURNER           7698       7782 CLARK                                                                                                                                                                  
TURNER           7698       7839 KING                                                                                                                                                                   
TURNER           7698       7844 TURNER                                                                                                                                                                 
TURNER           7698       7900 JAMES                                                                                                                                                                  
TURNER           7698       7902 FORD                                                                                                                                                                   
TURNER           7698       7934 MILLER                                                                                                                                                                 
JAMES            7698       7369 SMITH                                                                                                                                                                  
JAMES            7698       7499 ALLEN                                                                                                                                                                  
JAMES            7698       7521 WARD                                                                                                                                                                   
JAMES            7698       7566 JONES                                                                                                                                                                  
JAMES            7698       7654 MARTIN                                                                                                                                                                 
JAMES            7698       7698 BLAKE                                                                                                                                                                  
JAMES            7698       7782 CLARK                                                                                                                                                                  
JAMES            7698       7839 KING                                                                                                                                                                   
JAMES            7698       7844 TURNER                                                                                                                                                                 
JAMES            7698       7900 JAMES                                                                                                                                                                  
JAMES            7698       7902 FORD                                                                                                                                                                   

ENAME             MGR      EMPNO ENAME                                                                                                                                                                  
---------- ---------- ---------- ----------                                                                                                                                                             
JAMES            7698       7934 MILLER                                                                                                                                                                 
FORD             7566       7369 SMITH                                                                                                                                                                  
FORD             7566       7499 ALLEN                                                                                                                                                                  
FORD             7566       7521 WARD                                                                                                                                                                   
FORD             7566       7566 JONES                                                                                                                                                                  
FORD             7566       7654 MARTIN                                                                                                                                                                 
FORD             7566       7698 BLAKE                                                                                                                                                                  
FORD             7566       7782 CLARK                                                                                                                                                                  
FORD             7566       7839 KING                                                                                                                                                                   
FORD             7566       7844 TURNER                                                                                                                                                                 
FORD             7566       7900 JAMES                                                                                                                                                                  
FORD             7566       7902 FORD                                                                                                                                                                   
FORD             7566       7934 MILLER                                                                                                                                                                 
MILLER           7782       7369 SMITH                                                                                                                                                                  
MILLER           7782       7499 ALLEN                                                                                                                                                                  
MILLER           7782       7521 WARD                                                                                                                                                                   
MILLER           7782       7566 JONES                                                                                                                                                                  

ENAME             MGR      EMPNO ENAME                                                                                                                                                                  
---------- ---------- ---------- ----------                                                                                                                                                             
MILLER           7782       7654 MARTIN                                                                                                                                                                 
MILLER           7782       7698 BLAKE                                                                                                                                                                  
MILLER           7782       7782 CLARK                                                                                                                                                                  
MILLER           7782       7839 KING                                                                                                                                                                   
MILLER           7782       7844 TURNER                                                                                                                                                                 
MILLER           7782       7900 JAMES                                                                                                                                                                  
MILLER           7782       7902 FORD                                                                                                                                                                   
MILLER           7782       7934 MILLER                                                                                                                                                                 

144 개의 행이 선택되었습니다.

SQL> select e1.ename, e2.ename
  2  from emp e1, emp e2
  3  where e1.mgr=e2.empno;

ENAME      ENAME                                                                                                                                                                                        
---------- ----------                                                                                                                                                                                   
FORD       JONES                                                                                                                                                                                        
JAMES      BLAKE                                                                                                                                                                                        
TURNER     BLAKE                                                                                                                                                                                        
MARTIN     BLAKE                                                                                                                                                                                        
WARD       BLAKE                                                                                                                                                                                        
ALLEN      BLAKE                                                                                                                                                                                        
MILLER     CLARK                                                                                                                                                                                        
CLARK      KING                                                                                                                                                                                         
BLAKE      KING                                                                                                                                                                                         
JONES      KING                                                                                                                                                                                         
SMITH      FORD                                                                                                                                                                                         

11 개의 행이 선택되었습니다.

SQL> select e1.ename, e1.job, e2.ename, e2.job
  2  from emp e1, emp e2
  3  where e1.mgr=e2.empno;

ENAME      JOB        ENAME      JOB                                                                                                                                                                    
---------- ---------- ---------- ----------                                                                                                                                                             
FORD       ANALYST    JONES      MANAGER                                                                                                                                                                
JAMES      CLERK      BLAKE      MANAGER                                                                                                                                                                
TURNER     SALESMAN   BLAKE      MANAGER                                                                                                                                                                
MARTIN     SALESMAN   BLAKE      MANAGER                                                                                                                                                                
WARD       SALESMAN   BLAKE      MANAGER                                                                                                                                                                
ALLEN      SALESMAN   BLAKE      MANAGER                                                                                                                                                                
MILLER     CLERK      CLARK      MANAGER                                                                                                                                                                
CLARK      MANAGER    KING       PRESIDENT                                                                                                                                                              
BLAKE      MANAGER    KING       PRESIDENT                                                                                                                                                              
JONES      MANAGER    KING       PRESIDENT                                                                                                                                                              
SMITH      CLERK      FORD       ANALYST                                                                                                                                                                

11 개의 행이 선택되었습니다.

SQL> select mgr from emp where ename='KING';

       MGR                                                                                                                                                                                              
----------                                                                                                                                                                                              
                                                                                                                                                                                                        

SQL>  select e1.ename, e2.ename
  2  from emp e1
  3  inner join emp e2 on e1.mgr=e2.empno
  4  ;

ENAME      ENAME                                                                                                                                                                                        
---------- ----------                                                                                                                                                                                   
FORD       JONES                                                                                                                                                                                        
JAMES      BLAKE                                                                                                                                                                                        
TURNER     BLAKE                                                                                                                                                                                        
MARTIN     BLAKE                                                                                                                                                                                        
WARD       BLAKE                                                                                                                                                                                        
ALLEN      BLAKE                                                                                                                                                                                        
MILLER     CLARK                                                                                                                                                                                        
CLARK      KING                                                                                                                                                                                         
BLAKE      KING                                                                                                                                                                                         
JONES      KING                                                                                                                                                                                         
SMITH      FORD                                                                                                                                                                                         

11 개의 행이 선택되었습니다.

SQL> select e.empno, d.deptno, d.dname
  2  from emp e, dept d
  3  where e.deptno(+) = d.deptno;

     EMPNO     DEPTNO DNAME                                                                                                                                                                             
---------- ---------- ----------------------------                                                                                                                                                      
      7369         20 RESEARCH                                                                                                                                                                          
      7499         30 SALES                                                                                                                                                                             
      7521         30 SALES                                                                                                                                                                             
      7566         20 RESEARCH                                                                                                                                                                          
      7654         30 SALES                                                                                                                                                                             
      7698         30 SALES                                                                                                                                                                             
      7782         10 ACCOUNTING                                                                                                                                                                        
      7839         10 ACCOUNTING                                                                                                                                                                        
      7844         30 SALES                                                                                                                                                                             
      7900         30 SALES                                                                                                                                                                             
      7902         20 RESEARCH                                                                                                                                                                          
      7934         10 ACCOUNTING                                                                                                                                                                        
                   40 OPERATIONS                                                                                                                                                                        

13 개의 행이 선택되었습니다.

SQL> select deptno, dname, ename, salary
  2  ed
  3  ed
  4  
SQL> 
SQL> ed
file afiedt.buf(이)가 기록되었습니다

  1  select e1.deptno, d1.dname, e1.ename, e1.salary
  2* from emp e1, dept d1
  3  select e1.deptno, d1.dname, e1.ename, e1.salary
  4  from emp e1, dept d1;
select e1.deptno, d1.dname, e1.ename, e1.salary
*
3행에 오류:
ORA-00933: SQL 명령어가 올바르게 종료되지 않았습니다 


SQL> select e1.deptno, d1.dname, e1.ename, e1.salary
  2  from emp e1, dept d1;;
from emp e1, dept d1;
                    *
2행에 오류:
ORA-00911: 문자가 부적합합니다 


SQL> select deptno, dname, ename, salary
  2  from emp, dept;
select deptno, dname, ename, salary
                             *
1행에 오류:
ORA-00904: "SALARY": 부적합한 식별자 


SQL> select deptno, dname, ename, sal
  2  from emp, dept;
select deptno, dname, ename, sal
       *
1행에 오류:
ORA-00918: 열의 정의가 애매합니다 


SQL> select emp.deptno,.dname, ename, sal
  2  from emp, dept;
select emp.deptno,.dname, ename, sal
                  *
1행에 오류:
ORA-00936: 누락된 표현식 


SQL> select emp.deptno,dname, ename, sal
  2  from emp, dept;

    DEPTNO DNAME                        ENAME             SAL                                                                                                                                           
---------- ---------------------------- ---------- ----------                                                                                                                                           
        20 ACCOUNTING                   SMITH             800                                                                                                                                           
        30 ACCOUNTING                   ALLEN            1600                                                                                                                                           
        30 ACCOUNTING                   WARD             1250                                                                                                                                           
        20 ACCOUNTING                   JONES            2975                                                                                                                                           
        30 ACCOUNTING                   MARTIN           1250                                                                                                                                           
        30 ACCOUNTING                   BLAKE            2850                                                                                                                                           
        10 ACCOUNTING                   CLARK            2450                                                                                                                                           
        10 ACCOUNTING                   KING             5000                                                                                                                                           
        30 ACCOUNTING                   TURNER           1500                                                                                                                                           
        30 ACCOUNTING                   JAMES             950                                                                                                                                           
        20 ACCOUNTING                   FORD             3000                                                                                                                                           
        10 ACCOUNTING                   MILLER           1300                                                                                                                                           
        20 RESEARCH                     SMITH             800                                                                                                                                           
        30 RESEARCH                     ALLEN            1600                                                                                                                                           
        30 RESEARCH                     WARD             1250                                                                                                                                           
        20 RESEARCH                     JONES            2975                                                                                                                                           
        30 RESEARCH                     MARTIN           1250                                                                                                                                           

    DEPTNO DNAME                        ENAME             SAL                                                                                                                                           
---------- ---------------------------- ---------- ----------                                                                                                                                           
        30 RESEARCH                     BLAKE            2850                                                                                                                                           
        10 RESEARCH                     CLARK            2450                                                                                                                                           
        10 RESEARCH                     KING             5000                                                                                                                                           
        30 RESEARCH                     TURNER           1500                                                                                                                                           
        30 RESEARCH                     JAMES             950                                                                                                                                           
        20 RESEARCH                     FORD             3000                                                                                                                                           
        10 RESEARCH                     MILLER           1300                                                                                                                                           
        20 SALES                        SMITH             800                                                                                                                                           
        30 SALES                        ALLEN            1600                                                                                                                                           
        30 SALES                        WARD             1250                                                                                                                                           
        20 SALES                        JONES            2975                                                                                                                                           
        30 SALES                        MARTIN           1250                                                                                                                                           
        30 SALES                        BLAKE            2850                                                                                                                                           
        10 SALES                        CLARK            2450                                                                                                                                           
        10 SALES                        KING             5000                                                                                                                                           
        30 SALES                        TURNER           1500                                                                                                                                           
        30 SALES                        JAMES             950                                                                                                                                           

    DEPTNO DNAME                        ENAME             SAL                                                                                                                                           
---------- ---------------------------- ---------- ----------                                                                                                                                           
        20 SALES                        FORD             3000                                                                                                                                           
        10 SALES                        MILLER           1300                                                                                                                                           
        20 OPERATIONS                   SMITH             800                                                                                                                                           
        30 OPERATIONS                   ALLEN            1600                                                                                                                                           
        30 OPERATIONS                   WARD             1250                                                                                                                                           
        20 OPERATIONS                   JONES            2975                                                                                                                                           
        30 OPERATIONS                   MARTIN           1250                                                                                                                                           
        30 OPERATIONS                   BLAKE            2850                                                                                                                                           
        10 OPERATIONS                   CLARK            2450                                                                                                                                           
        10 OPERATIONS                   KING             5000                                                                                                                                           
        30 OPERATIONS                   TURNER           1500                                                                                                                                           
        30 OPERATIONS                   JAMES             950                                                                                                                                           
        20 OPERATIONS                   FORD             3000                                                                                                                                           
        10 OPERATIONS                   MILLER           1300                                                                                                                                           

48 개의 행이 선택되었습니다.

SQL> select e.deptno, d.dname, e.ename, e.sal
  2  from emp e, dept d
  3  where e.deptno = d.deptno;

    DEPTNO DNAME                        ENAME             SAL                                                                                                                                           
---------- ---------------------------- ---------- ----------                                                                                                                                           
        20 RESEARCH                     SMITH             800                                                                                                                                           
        30 SALES                        ALLEN            1600                                                                                                                                           
        30 SALES                        WARD             1250                                                                                                                                           
        20 RESEARCH                     JONES            2975                                                                                                                                           
        30 SALES                        MARTIN           1250                                                                                                                                           
        30 SALES                        BLAKE            2850                                                                                                                                           
        10 ACCOUNTING                   CLARK            2450                                                                                                                                           
        10 ACCOUNTING                   KING             5000                                                                                                                                           
        30 SALES                        TURNER           1500                                                                                                                                           
        30 SALES                        JAMES             950                                                                                                                                           
        20 RESEARCH                     FORD             3000                                                                                                                                           
        10 ACCOUNTING                   MILLER           1300                                                                                                                                           

12 개의 행이 선택되었습니다.

SQL> select e.deptno, d.dname, e.ename, e.sal
  2  from emp e, dept d
  3  where e,deptno=d.deptno;
where e,deptno=d.deptno
       *
3행에 오류:
ORA-00920: 관계 연산자가 부적합합니다 


SQL> select e.deptno, d.dname, e.ename, e.sal
  2  from emp e, dept d
  3  where e.deptno=d.deptno;

    DEPTNO DNAME                        ENAME             SAL                                                                                                                                           
---------- ---------------------------- ---------- ----------                                                                                                                                           
        20 RESEARCH                     SMITH             800                                                                                                                                           
        30 SALES                        ALLEN            1600                                                                                                                                           
        30 SALES                        WARD             1250                                                                                                                                           
        20 RESEARCH                     JONES            2975                                                                                                                                           
        30 SALES                        MARTIN           1250                                                                                                                                           
        30 SALES                        BLAKE            2850                                                                                                                                           
        10 ACCOUNTING                   CLARK            2450                                                                                                                                           
        10 ACCOUNTING                   KING             5000                                                                                                                                           
        30 SALES                        TURNER           1500                                                                                                                                           
        30 SALES                        JAMES             950                                                                                                                                           
        20 RESEARCH                     FORD             3000                                                                                                                                           
        10 ACCOUNTING                   MILLER           1300                                                                                                                                           

12 개의 행이 선택되었습니다.

SQL> select e.ename, d.dname
  2  from emp
  3  innerjoin dept using(deptno)
  4  ;
innerjoin dept using(deptno)
          *
3행에 오류:
ORA-00933: SQL 명령어가 올바르게 종료되지 않았습니다 


SQL> select e.ename, d.dname
  2  from emp
  3  innerjoin dept using(deptno)
  4  
SQL> select e.ename, d.dname
  2  from emp e, dept d
  3  where e.deptno=d.deptno;

ENAME      DNAME                                                                                                                                                                                        
---------- ----------------------------                                                                                                                                                                 
SMITH      RESEARCH                                                                                                                                                                                     
ALLEN      SALES                                                                                                                                                                                        
WARD       SALES                                                                                                                                                                                        
JONES      RESEARCH                                                                                                                                                                                     
MARTIN     SALES                                                                                                                                                                                        
BLAKE      SALES                                                                                                                                                                                        
CLARK      ACCOUNTING                                                                                                                                                                                   
KING       ACCOUNTING                                                                                                                                                                                   
TURNER     SALES                                                                                                                                                                                        
JAMES      SALES                                                                                                                                                                                        
FORD       RESEARCH                                                                                                                                                                                     
MILLER     ACCOUNTING                                                                                                                                                                                   

12 개의 행이 선택되었습니다.

SQL> select name, dname
  2  from emp
  3  innerjoin dept using(deptno)
  4  where name='ALLEN';
innerjoin dept using(deptno)
          *
3행에 오류:
ORA-00933: SQL 명령어가 올바르게 종료되지 않았습니다 


SQL> select ename, dname
  2  from emp
  3  inner joinm dept using(deptno)
  4  where name="ALLEN";
inner joinm dept using(deptno)
      *
3행에 오류:
ORA-00933: SQL 명령어가 올바르게 종료되지 않았습니다 


SQL> select ename, dname
  2  from emp
  3  inner join dept using(deptno)
  4  where ename='ALLEN';

ENAME      DNAME                                                                                                                                                                                        
---------- ----------------------------                                                                                                                                                                 
ALLEN      SALES                                                                                                                                                                                        

SQL> select e.ename, d.dname
  2  from emp e, dept d
  3  where e.deptno=d.deptno;

ENAME      DNAME                                                                                                                                                                                        
---------- ----------------------------                                                                                                                                                                 
SMITH      RESEARCH                                                                                                                                                                                     
ALLEN      SALES                                                                                                                                                                                        
WARD       SALES                                                                                                                                                                                        
JONES      RESEARCH                                                                                                                                                                                     
MARTIN     SALES                                                                                                                                                                                        
BLAKE      SALES                                                                                                                                                                                        
CLARK      ACCOUNTING                                                                                                                                                                                   
KING       ACCOUNTING                                                                                                                                                                                   
TURNER     SALES                                                                                                                                                                                        
JAMES      SALES                                                                                                                                                                                        
FORD       RESEARCH                                                                                                                                                                                     
MILLER     ACCOUNTING                                                                                                                                                                                   

12 개의 행이 선택되었습니다.

SQL> select e.ename, d.dname
  2  from emp e, dept d
  3  where e.deptno=d.deptno and e.ename='ALLEN';

ENAME      DNAME                                                                                                                                                                                        
---------- ----------------------------                                                                                                                                                                 
ALLEN      SALES                                                                                                                                                                                        

SQL> select e.ename, e.deptno, d.dname, e.sal
  2  from emp e, dept d
  3  where e.deptno=d.deptno;

ENAME          DEPTNO DNAME                               SAL                                                                                                                                           
---------- ---------- ---------------------------- ----------                                                                                                                                           
SMITH              20 RESEARCH                            800                                                                                                                                           
ALLEN              30 SALES                              1600                                                                                                                                           
WARD               30 SALES                              1250                                                                                                                                           
JONES              20 RESEARCH                           2975                                                                                                                                           
MARTIN             30 SALES                              1250                                                                                                                                           
BLAKE              30 SALES                              2850                                                                                                                                           
CLARK              10 ACCOUNTING                         2450                                                                                                                                           
KING               10 ACCOUNTING                         5000                                                                                                                                           
TURNER             30 SALES                              1500                                                                                                                                           
JAMES              30 SALES                               950                                                                                                                                           
FORD               20 RESEARCH                           3000                                                                                                                                           
MILLER             10 ACCOUNTING                         1300                                                                                                                                           

12 개의 행이 선택되었습니다.

SQL> ed
file afiedt.buf(이)가 기록되었습니다

  1  select e.ename, e.deptno, d.dname, e.sal
  2  from emp e, dept d
  3* where e.deptno(+)=d.deptno;
SQL> select e.ename, e.deptno, d.dname, e.sal
  2  from emp e, dept d
  3  where e.deptno=d.deptno;

ENAME          DEPTNO DNAME                               SAL                                                                                                                                           
---------- ---------- ---------------------------- ----------                                                                                                                                           
SMITH              20 RESEARCH                            800                                                                                                                                           
ALLEN              30 SALES                              1600                                                                                                                                           
WARD               30 SALES                              1250                                                                                                                                           
JONES              20 RESEARCH                           2975                                                                                                                                           
MARTIN             30 SALES                              1250                                                                                                                                           
BLAKE              30 SALES                              2850                                                                                                                                           
CLARK              10 ACCOUNTING                         2450                                                                                                                                           
KING               10 ACCOUNTING                         5000                                                                                                                                           
TURNER             30 SALES                              1500                                                                                                                                           
JAMES              30 SALES                               950                                                                                                                                           
FORD               20 RESEARCH                           3000                                                                                                                                           
MILLER             10 ACCOUNTING                         1300                                                                                                                                           

12 개의 행이 선택되었습니다.

SQL> select e.ename, e.deptno, d.dname, e.sal
  2  from emp e, dept d
  3  where e.deptno(+)=d.deptno;

ENAME          DEPTNO DNAME                               SAL                                                                                                                                           
---------- ---------- ---------------------------- ----------                                                                                                                                           
SMITH              20 RESEARCH                            800                                                                                                                                           
ALLEN              30 SALES                              1600                                                                                                                                           
WARD               30 SALES                              1250                                                                                                                                           
JONES              20 RESEARCH                           2975                                                                                                                                           
MARTIN             30 SALES                              1250                                                                                                                                           
BLAKE              30 SALES                              2850                                                                                                                                           
CLARK              10 ACCOUNTING                         2450                                                                                                                                           
KING               10 ACCOUNTING                         5000                                                                                                                                           
TURNER             30 SALES                              1500                                                                                                                                           
JAMES              30 SALES                               950                                                                                                                                           
FORD               20 RESEARCH                           3000                                                                                                                                           
MILLER             10 ACCOUNTING                         1300                                                                                                                                           
                      OPERATIONS                                                                                                                                                                        

13 개의 행이 선택되었습니다.

SQL> select ename, deptno, dame, sal
  2  from emp
  3  right outer join dept using(deptno);
select ename, deptno, dame, sal
                      *
1행에 오류:
ORA-00904: "DAME": 부적합한 식별자 


SQL> select ename, deptno, dame, sal
  2  from emp
  3  right outer join dept using(deptno);
select ename, deptno, dame, sal
                      *
1행에 오류:
ORA-00904: "DAME": 부적합한 식별자 


SQL> select ename, deptno, dname, sal
  2  from emp
  3  right outer join dept using(deptno);

ENAME          DEPTNO DNAME                               SAL                                                                                                                                           
---------- ---------- ---------------------------- ----------                                                                                                                                           
SMITH              20 RESEARCH                            800                                                                                                                                           
ALLEN              30 SALES                              1600                                                                                                                                           
WARD               30 SALES                              1250                                                                                                                                           
JONES              20 RESEARCH                           2975                                                                                                                                           
MARTIN             30 SALES                              1250                                                                                                                                           
BLAKE              30 SALES                              2850                                                                                                                                           
CLARK              10 ACCOUNTING                         2450                                                                                                                                           
KING               10 ACCOUNTING                         5000                                                                                                                                           
TURNER             30 SALES                              1500                                                                                                                                           
JAMES              30 SALES                               950                                                                                                                                           
FORD               20 RESEARCH                           3000                                                                                                                                           
MILLER             10 ACCOUNTING                         1300                                                                                                                                           
                   40 OPERATIONS                                                                                                                                                                        

13 개의 행이 선택되었습니다.

SQL> select e1.ename, e2.ename
  2  from emp e1, emp e2
  3  where e1.mgr=e2.empno;

ENAME      ENAME                                                                                                                                                                                        
---------- ----------                                                                                                                                                                                   
FORD       JONES                                                                                                                                                                                        
JAMES      BLAKE                                                                                                                                                                                        
TURNER     BLAKE                                                                                                                                                                                        
MARTIN     BLAKE                                                                                                                                                                                        
WARD       BLAKE                                                                                                                                                                                        
ALLEN      BLAKE                                                                                                                                                                                        
MILLER     CLARK                                                                                                                                                                                        
CLARK      KING                                                                                                                                                                                         
BLAKE      KING                                                                                                                                                                                         
JONES      KING                                                                                                                                                                                         
SMITH      FORD                                                                                                                                                                                         

11 개의 행이 선택되었습니다.

SQL> select ename, ename
  2  from emp
  3  inner join using
  4  
SQL> desc salgrade
 이름                                                                                                              널?      유형
 ----------------------------------------------------------------------------------------------------------------- -------- ----------------------------------------------------------------------------
 GRADE                                                                                                                      NUMBER
 LOSAL                                                                                                                      NUMBER
 HISAL                                                                                                                      NUMBER

SQL> select * from salgrade
  2  ;

     GRADE      LOSAL      HISAL                                                                                                                                                                        
---------- ---------- ----------                                                                                                                                                                        
         1        700       1200                                                                                                                                                                        
         2       1201       1400                                                                                                                                                                        
         3       1401       2000                                                                                                                                                                        
         4       2001       3000                                                                                                                                                                        
         5       3001       9999                                                                                                                                                                        

SQL> select ename, sal, grade
  2  from sal, salgrade
  3  where sal between losal and hisal;
from sal, salgrade
     *
2행에 오류:
ORA-00942: 테이블 또는 뷰가 존재하지 않습니다 


SQL> select ename, sal, grade
  2  from emp, salgrade
  3  where sal between losal and hisal;

ENAME             SAL      GRADE                                                                                                                                                                        
---------- ---------- ----------                                                                                                                                                                        
SMITH             800          1                                                                                                                                                                        
JAMES             950          1                                                                                                                                                                        
WARD             1250          2                                                                                                                                                                        
MARTIN           1250          2                                                                                                                                                                        
MILLER           1300          2                                                                                                                                                                        
TURNER           1500          3                                                                                                                                                                        
ALLEN            1600          3                                                                                                                                                                        
CLARK            2450          4                                                                                                                                                                        
BLAKE            2850          4                                                                                                                                                                        
JONES            2975          4                                                                                                                                                                        
FORD             3000          4                                                                                                                                                                        
KING             5000          5                                                                                                                                                                        

12 개의 행이 선택되었습니다.

SQL> select ename, dname, grade
  2  from emp
  3  join
  4  
SQL> select ename, dname, grade
  2  from emp,dept,salgrade
  3  ed
  4  
SQL> ed
file afiedt.buf(이)가 기록되었습니다

  1  select ename, dname, grade
  2  from emp,dept,salgrade
  3  where emp.depto = dept.deptno
  4* and (sal between losal and hisal);
SQL> /
and (sal between losal and hisal);
         *
4행에 오류:
ORA-00911: 문자가 부적합합니다 


SQL> ed
file afiedt.buf(이)가 기록되었습니다

  1  select ename, dname, grade
  2  from emp,dept,salgrade
  3  where emp.depto = dept.deptno
  4* and (sal between losal and hisal);
SQL> ed
file afiedt.buf(이)가 기록되었습니다

  1  select ename, dname, grade
  2  from emp
  3  join dept useing(deptno)
  4* join salgrade on sal between losal and hisal;
SQL> /
join dept useing(deptno)
                *
3행에 오류:
ORA-00905: 누락된 키워드 


SQL> ed
file afiedt.buf(이)가 기록되었습니다

  1  select ename, dname, grade
  2  from emp
  3  join dept using(deptno)
  4* join salgrade on sal between losal and hisal;
SQL> /
join salgrade on sal between losal and hisal;
                                            *
4행에 오류:
ORA-00911: 문자가 부적합합니다 


SQL> ed
file afiedt.buf(이)가 기록되었습니다

  1  select ename, dname, grade
  2  from emp
  3  join dept using(deptno)
  4* join salgrade on sal between losal and hisal
SQL> /

ENAME      DNAME                             GRADE                                                                                                                                                      
---------- ---------------------------- ----------                                                                                                                                                      
SMITH      RESEARCH                              1                                                                                                                                                      
JAMES      SALES                                 1                                                                                                                                                      
WARD       SALES                                 2                                                                                                                                                      
MARTIN     SALES                                 2                                                                                                                                                      
MILLER     ACCOUNTING                            2                                                                                                                                                      
TURNER     SALES                                 3                                                                                                                                                      
ALLEN      SALES                                 3                                                                                                                                                      
CLARK      ACCOUNTING                            4                                                                                                                                                      
BLAKE      SALES                                 4                                                                                                                                                      
JONES      RESEARCH                              4                                                                                                                                                      
FORD       RESEARCH                              4                                                                                                                                                      
KING       ACCOUNTING                            5                                                                                                                                                      

12 개의 행이 선택되었습니다.

SQL> ed
file afiedt.buf(이)가 기록되었습니다

  1  select ename, dname, grade
  2  from emp
  3  join dept using(deptno)
  4  join salgrade on sal between losal and hisal
  5* order by dname asc
SQL> 
SQL> /

ENAME      DNAME                             GRADE                                                                                                                                                      
---------- ---------------------------- ----------                                                                                                                                                      
MILLER     ACCOUNTING                            2                                                                                                                                                      
CLARK      ACCOUNTING                            4                                                                                                                                                      
KING       ACCOUNTING                            5                                                                                                                                                      
FORD       RESEARCH                              4                                                                                                                                                      
JONES      RESEARCH                              4                                                                                                                                                      
SMITH      RESEARCH                              1                                                                                                                                                      
BLAKE      SALES                                 4                                                                                                                                                      
ALLEN      SALES                                 3                                                                                                                                                      
MARTIN     SALES                                 2                                                                                                                                                      
WARD       SALES                                 2                                                                                                                                                      
JAMES      SALES                                 1                                                                                                                                                      
TURNER     SALES                                 3                                                                                                                                                      

12 개의 행이 선택되었습니다.

SQL> ed
file afiedt.buf(이)가 기록되었습니다

  1  select ename, dname, grade
  2  from emp
  3  join dept using(deptno)
  4  join salgrade on sal between losal and hisal
  5* order by grade asc
SQL> /

ENAME      DNAME                             GRADE                                                                                                                                                      
---------- ---------------------------- ----------                                                                                                                                                      
SMITH      RESEARCH                              1                                                                                                                                                      
JAMES      SALES                                 1                                                                                                                                                      
WARD       SALES                                 2                                                                                                                                                      
MARTIN     SALES                                 2                                                                                                                                                      
MILLER     ACCOUNTING                            2                                                                                                                                                      
TURNER     SALES                                 3                                                                                                                                                      
ALLEN      SALES                                 3                                                                                                                                                      
CLARK      ACCOUNTING                            4                                                                                                                                                      
BLAKE      SALES                                 4                                                                                                                                                      
JONES      RESEARCH                              4                                                                                                                                                      
FORD       RESEARCH                              4                                                                                                                                                      
KING       ACCOUNTING                            5                                                                                                                                                      

12 개의 행이 선택되었습니다.

SQL> select deptno, dname,ename,sal
  2  from emp
  3  join dept using(deptno)
  4  ;

    DEPTNO DNAME                        ENAME             SAL                                                                                                                                           
---------- ---------------------------- ---------- ----------                                                                                                                                           
        20 RESEARCH                     SMITH             800                                                                                                                                           
        30 SALES                        ALLEN            1600                                                                                                                                           
        30 SALES                        WARD             1250                                                                                                                                           
        20 RESEARCH                     JONES            2975                                                                                                                                           
        30 SALES                        MARTIN           1250                                                                                                                                           
        30 SALES                        BLAKE            2850                                                                                                                                           
        10 ACCOUNTING                   CLARK            2450                                                                                                                                           
        10 ACCOUNTING                   KING             5000                                                                                                                                           
        30 SALES                        TURNER           1500                                                                                                                                           
        30 SALES                        JAMES             950                                                                                                                                           
        20 RESEARCH                     FORD             3000                                                                                                                                           
        10 ACCOUNTING                   MILLER           1300                                                                                                                                           

12 개의 행이 선택되었습니다.

SQL> select d.deptno,dname,ename,sal
  2  from emp e, dept d
  3  where e.deptno=ddeptno;
where e.deptno=ddeptno
               *
3행에 오류:
ORA-00904: "DDEPTNO": 부적합한 식별자 


SQL> select d.deptno,dname,ename,sal
  2  from emp e, dept d
  3  where e.deptno=d.deptno;

    DEPTNO DNAME                        ENAME             SAL                                                                                                                                           
---------- ---------------------------- ---------- ----------                                                                                                                                           
        20 RESEARCH                     SMITH             800                                                                                                                                           
        30 SALES                        ALLEN            1600                                                                                                                                           
        30 SALES                        WARD             1250                                                                                                                                           
        20 RESEARCH                     JONES            2975                                                                                                                                           
        30 SALES                        MARTIN           1250                                                                                                                                           
        30 SALES                        BLAKE            2850                                                                                                                                           
        10 ACCOUNTING                   CLARK            2450                                                                                                                                           
        10 ACCOUNTING                   KING             5000                                                                                                                                           
        30 SALES                        TURNER           1500                                                                                                                                           
        30 SALES                        JAMES             950                                                                                                                                           
        20 RESEARCH                     FORD             3000                                                                                                                                           
        10 ACCOUNTING                   MILLER           1300                                                                                                                                           

12 개의 행이 선택되었습니다.

SQL> select deptno, dname, ename, sal
  2  from emp
  3  join dept using(deptno);

    DEPTNO DNAME                        ENAME             SAL                                                                                                                                           
---------- ---------------------------- ---------- ----------                                                                                                                                           
        20 RESEARCH                     SMITH             800                                                                                                                                           
        30 SALES                        ALLEN            1600                                                                                                                                           
        30 SALES                        WARD             1250                                                                                                                                           
        20 RESEARCH                     JONES            2975                                                                                                                                           
        30 SALES                        MARTIN           1250                                                                                                                                           
        30 SALES                        BLAKE            2850                                                                                                                                           
        10 ACCOUNTING                   CLARK            2450                                                                                                                                           
        10 ACCOUNTING                   KING             5000                                                                                                                                           
        30 SALES                        TURNER           1500                                                                                                                                           
        30 SALES                        JAMES             950                                                                                                                                           
        20 RESEARCH                     FORD             3000                                                                                                                                           
        10 ACCOUNTING                   MILLER           1300                                                                                                                                           

12 개의 행이 선택되었습니다.

SQL> select d.deptno, dname, ename, sal
  2  from emp e, dept d
  3  where e.deptn=d.deptn;
where e.deptn=d.deptn
              *
3행에 오류:
ORA-00904: "D"."DEPTN": 부적합한 식별자 


SQL> select d.deptno, dname, ename, sal
  2  from emp e, dept d
  3  where e.deptno=d.deptno;

    DEPTNO DNAME                        ENAME             SAL                                                                                                                                           
---------- ---------------------------- ---------- ----------                                                                                                                                           
        20 RESEARCH                     SMITH             800                                                                                                                                           
        30 SALES                        ALLEN            1600                                                                                                                                           
        30 SALES                        WARD             1250                                                                                                                                           
        20 RESEARCH                     JONES            2975                                                                                                                                           
        30 SALES                        MARTIN           1250                                                                                                                                           
        30 SALES                        BLAKE            2850                                                                                                                                           
        10 ACCOUNTING                   CLARK            2450                                                                                                                                           
        10 ACCOUNTING                   KING             5000                                                                                                                                           
        30 SALES                        TURNER           1500                                                                                                                                           
        30 SALES                        JAMES             950                                                                                                                                           
        20 RESEARCH                     FORD             3000                                                                                                                                           
        10 ACCOUNTING                   MILLER           1300                                                                                                                                           

12 개의 행이 선택되었습니다.

SQL> select deptno, ndame, ename, sal
  2  from emp
  3  join dept using(deptno);
select deptno, ndame, ename, sal
               *
1행에 오류:
ORA-00904: "NDAME": 부적합한 식별자 


SQL> select deptno, dname,ename,sal
  2  from emp
  3  join dept using(deptno);

    DEPTNO DNAME                        ENAME             SAL                                                                                                                                           
---------- ---------------------------- ---------- ----------                                                                                                                                           
        20 RESEARCH                     SMITH             800                                                                                                                                           
        30 SALES                        ALLEN            1600                                                                                                                                           
        30 SALES                        WARD             1250                                                                                                                                           
        20 RESEARCH                     JONES            2975                                                                                                                                           
        30 SALES                        MARTIN           1250                                                                                                                                           
        30 SALES                        BLAKE            2850                                                                                                                                           
        10 ACCOUNTING                   CLARK            2450                                                                                                                                           
        10 ACCOUNTING                   KING             5000                                                                                                                                           
        30 SALES                        TURNER           1500                                                                                                                                           
        30 SALES                        JAMES             950                                                                                                                                           
        20 RESEARCH                     FORD             3000                                                                                                                                           
        10 ACCOUNTING                   MILLER           1300                                                                                                                                           

12 개의 행이 선택되었습니다.

SQL> select d.deptno, dname, ename, sal
  2  from emp e, dept d
  3  where e.deptno=d.deptno;

    DEPTNO DNAME                        ENAME             SAL                                                                                                                                           
---------- ---------------------------- ---------- ----------                                                                                                                                           
        20 RESEARCH                     SMITH             800                                                                                                                                           
        30 SALES                        ALLEN            1600                                                                                                                                           
        30 SALES                        WARD             1250                                                                                                                                           
        20 RESEARCH                     JONES            2975                                                                                                                                           
        30 SALES                        MARTIN           1250                                                                                                                                           
        30 SALES                        BLAKE            2850                                                                                                                                           
        10 ACCOUNTING                   CLARK            2450                                                                                                                                           
        10 ACCOUNTING                   KING             5000                                                                                                                                           
        30 SALES                        TURNER           1500                                                                                                                                           
        30 SALES                        JAMES             950                                                                                                                                           
        20 RESEARCH                     FORD             3000                                                                                                                                           
        10 ACCOUNTING                   MILLER           1300                                                                                                                                           

12 개의 행이 선택되었습니다.

SQL> select depto, dname, ename, sal
  2  from emp
  3  join dept using(deptno);
select depto, dname, ename, sal
       *
1행에 오류:
ORA-00904: "DEPTO": 부적합한 식별자 


SQL> select depto, dname, ename, sal
  2  from emp
  3  join dept using(deptno);
select depto, dname, ename, sal
       *
1행에 오류:
ORA-00904: "DEPTO": 부적합한 식별자 


SQL> select deptno, dname, ename, sal
  2  from emp
  3  join dept using(deptno);

    DEPTNO DNAME                        ENAME             SAL                                                                                                                                           
---------- ---------------------------- ---------- ----------                                                                                                                                           
        20 RESEARCH                     SMITH             800                                                                                                                                           
        30 SALES                        ALLEN            1600                                                                                                                                           
        30 SALES                        WARD             1250                                                                                                                                           
        20 RESEARCH                     JONES            2975                                                                                                                                           
        30 SALES                        MARTIN           1250                                                                                                                                           
        30 SALES                        BLAKE            2850                                                                                                                                           
        10 ACCOUNTING                   CLARK            2450                                                                                                                                           
        10 ACCOUNTING                   KING             5000                                                                                                                                           
        30 SALES                        TURNER           1500                                                                                                                                           
        30 SALES                        JAMES             950                                                                                                                                           
        20 RESEARCH                     FORD             3000                                                                                                                                           
        10 ACCOUNTING                   MILLER           1300                                                                                                                                           

12 개의 행이 선택되었습니다.

SQL> spooloff
SP2-0042: 알 수 없는 명령어 "spooloff" - 나머지 줄 무시.
SQL> spool off
